../Core/Src/main.c:97:5:main	16	static
../Core/Src/main.c:222:6:SystemClock_Config	88	static
../Core/Src/main.c:268:13:MX_I2C1_Init	16	static
../Core/Src/main.c:318:13:MX_I2S3_Init	8	static
../Core/Src/main.c:352:13:MX_SPI1_Init	8	static
../Core/Src/main.c:392:13:MX_TIM2_Init	32	static
../Core/Src/main.c:437:13:MX_GPIO_Init	40	static
../Core/Src/main.c:591:14:get_day_of_weak	56	static
../Core/Src/main.c:598:13:number_to_string	16	static
../Core/Src/main.c:612:14:time_to_string	16	static
../Core/Src/main.c:629:14:date_to_string	16	static
../Core/Src/main.c:645:13:saveDataIntoEEPROM	24	static
../Core/Src/main.c:674:13:get_data	16	static
../Core/Src/main.c:699:13:get_data_ds1307	8	static
../Core/Src/main.c:715:6:HAL_TIM_PeriodElapsedCallback	16	static
../Core/Src/main.c:738:6:Error_Handler	4	static,ignoring_inline_asm
