12:56:59 **** Clean-only build of configuration Debug for project MeteoStation ****
make -j16 clean 
rm -rf ./common/ThirdParty/SEGGER/SEGGER/SEGGER_RTT.cyclo ./common/ThirdParty/SEGGER/SEGGER/SEGGER_RTT.d ./common/ThirdParty/SEGGER/SEGGER/SEGGER_RTT.o ./common/ThirdParty/SEGGER/SEGGER/SEGGER_RTT.su ./common/ThirdParty/SEGGER/SEGGER/SEGGER_RTT_ASM_ARMv7M.d ./common/ThirdParty/SEGGER/SEGGER/SEGGER_RTT_ASM_ARMv7M.o ./common/ThirdParty/SEGGER/SEGGER/SEGGER_RTT_printf.cyclo ./common/ThirdParty/SEGGER/SEGGER/SEGGER_RTT_printf.d ./common/ThirdParty/SEGGER/SEGGER/SEGGER_RTT_printf.o ./common/ThirdParty/SEGGER/SEGGER/SEGGER_RTT_printf.su ./common/ThirdParty/SEGGER/SEGGER/SEGGER_SYSVIEW.cyclo ./common/ThirdParty/SEGGER/SEGGER/SEGGER_SYSVIEW.d ./common/ThirdParty/SEGGER/SEGGER/SEGGER_SYSVIEW.o ./common/ThirdParty/SEGGER/SEGGER/SEGGER_SYSVIEW.su
rm -rf ./common/ThirdParty/SEGGER/Rec/segger_uart.cyclo ./common/ThirdParty/SEGGER/Rec/segger_uart.d ./common/ThirdParty/SEGGER/Rec/segger_uart.o ./common/ThirdParty/SEGGER/Rec/segger_uart.su
rm -rf ./common/ThirdParty/SEGGER/OS/SEGGER_SYSVIEW_FreeRTOS.cyclo ./common/ThirdParty/SEGGER/OS/SEGGER_SYSVIEW_FreeRTOS.d ./common/ThirdParty/SEGGER/OS/SEGGER_SYSVIEW_FreeRTOS.o ./common/ThirdParty/SEGGER/OS/SEGGER_SYSVIEW_FreeRTOS.su
rm -rf ./common/ThirdParty/SEGGER/Config/SEGGER_SYSVIEW_Config_FreeRTOS.cyclo ./common/ThirdParty/SEGGER/Config/SEGGER_SYSVIEW_Config_FreeRTOS.d ./common/ThirdParty/SEGGER/Config/SEGGER_SYSVIEW_Config_FreeRTOS.o ./common/ThirdParty/SEGGER/Config/SEGGER_SYSVIEW_Config_FreeRTOS.su
rm -rf ./common/ThirdParty/FreeRTOS/portable/MemMang/heap_4.cyclo ./common/ThirdParty/FreeRTOS/portable/MemMang/heap_4.d ./common/ThirdParty/FreeRTOS/portable/MemMang/heap_4.o ./common/ThirdParty/FreeRTOS/portable/MemMang/heap_4.su
rm -rf ./common/ThirdParty/FreeRTOS/portable/GCC/ARM_CM4F/port.cyclo ./common/ThirdParty/FreeRTOS/portable/GCC/ARM_CM4F/port.d ./common/ThirdParty/FreeRTOS/portable/GCC/ARM_CM4F/port.o ./common/ThirdParty/FreeRTOS/portable/GCC/ARM_CM4F/port.su
rm -rf ./common/ThirdParty/FreeRTOS/croutine.cyclo ./common/ThirdParty/FreeRTOS/croutine.d ./common/ThirdParty/FreeRTOS/croutine.o ./common/ThirdParty/FreeRTOS/croutine.su ./common/ThirdParty/FreeRTOS/event_groups.cyclo ./common/ThirdParty/FreeRTOS/event_groups.d ./common/ThirdParty/FreeRTOS/event_groups.o ./common/ThirdParty/FreeRTOS/event_groups.su ./common/ThirdParty/FreeRTOS/list.cyclo ./common/ThirdParty/FreeRTOS/list.d ./common/ThirdParty/FreeRTOS/list.o ./common/ThirdParty/FreeRTOS/list.su ./common/ThirdParty/FreeRTOS/queue.cyclo ./common/ThirdParty/FreeRTOS/queue.d ./common/ThirdParty/FreeRTOS/queue.o ./common/ThirdParty/FreeRTOS/queue.su ./common/ThirdParty/FreeRTOS/stream_buffer.cyclo ./common/ThirdParty/FreeRTOS/stream_buffer.d ./common/ThirdParty/FreeRTOS/stream_buffer.o ./common/ThirdParty/FreeRTOS/stream_buffer.su ./common/ThirdParty/FreeRTOS/tasks.cyclo ./common/ThirdParty/FreeRTOS/tasks.d ./common/ThirdParty/FreeRTOS/tasks.o ./common/ThirdParty/FreeRTOS/tasks.su ./common/ThirdParty/FreeRTOS/timers.cyclo ./common/ThirdParty/FreeRTOS/timers.d ./common/ThirdParty/FreeRTOS/timers.o ./common/ThirdParty/FreeRTOS/timers.su
rm -rf ./Middlewares/Third_Party/FatFs/src/option/ccsbcs.cyclo ./Middlewares/Third_Party/FatFs/src/option/ccsbcs.d ./Middlewares/Third_Party/FatFs/src/option/ccsbcs.o ./Middlewares/Third_Party/FatFs/src/option/ccsbcs.su ./Middlewares/Third_Party/FatFs/src/option/syscall.cyclo ./Middlewares/Third_Party/FatFs/src/option/syscall.d ./Middlewares/Third_Party/FatFs/src/option/syscall.o ./Middlewares/Third_Party/FatFs/src/option/syscall.su
rm -rf ./Middlewares/Third_Party/FatFs/src/diskio.cyclo ./Middlewares/Third_Party/FatFs/src/diskio.d ./Middlewares/Third_Party/FatFs/src/diskio.o ./Middlewares/Third_Party/FatFs/src/diskio.su ./Middlewares/Third_Party/FatFs/src/ff.cyclo ./Middlewares/Third_Party/FatFs/src/ff.d ./Middlewares/Third_Party/FatFs/src/ff.o ./Middlewares/Third_Party/FatFs/src/ff.su ./Middlewares/Third_Party/FatFs/src/ff_gen_drv.cyclo ./Middlewares/Third_Party/FatFs/src/ff_gen_drv.d ./Middlewares/Third_Party/FatFs/src/ff_gen_drv.o ./Middlewares/Third_Party/FatFs/src/ff_gen_drv.su
rm -rf ./FATFS/Target/bsp_driver_sd.cyclo ./FATFS/Target/bsp_driver_sd.d ./FATFS/Target/bsp_driver_sd.o ./FATFS/Target/bsp_driver_sd.su ./FATFS/Target/fatfs_platform.cyclo ./FATFS/Target/fatfs_platform.d ./FATFS/Target/fatfs_platform.o ./FATFS/Target/fatfs_platform.su ./FATFS/Target/sd_diskio.cyclo ./FATFS/Target/sd_diskio.d ./FATFS/Target/sd_diskio.o ./FATFS/Target/sd_diskio.su
rm -rf ./FATFS/App/fatfs.cyclo ./FATFS/App/fatfs.d ./FATFS/App/fatfs.o ./FATFS/App/fatfs.su
rm -rf ./Drivers/bsp/bme280.cyclo ./Drivers/bsp/bme280.d ./Drivers/bsp/bme280.o ./Drivers/bsp/bme280.su ./Drivers/bsp/ds1307.cyclo ./Drivers/bsp/ds1307.d ./Drivers/bsp/ds1307.o ./Drivers/bsp/ds1307.su ./Drivers/bsp/lcd.cyclo ./Drivers/bsp/lcd.d ./Drivers/bsp/lcd.o ./Drivers/bsp/lcd.su
rm -rf ./Drivers/STM32F4xx_HAL_Driver/Src/stm32f4xx_hal.cyclo ./Drivers/STM32F4xx_HAL_Driver/Src/stm32f4xx_hal.d ./Drivers/STM32F4xx_HAL_Driver/Src/stm32f4xx_hal.o ./Drivers/STM32F4xx_HAL_Driver/Src/stm32f4xx_hal.su ./Drivers/STM32F4xx_HAL_Driver/Src/stm32f4xx_hal_cortex.cyclo ./Drivers/STM32F4xx_HAL_Driver/Src/stm32f4xx_hal_cortex.d ./Drivers/STM32F4xx_HAL_Driver/Src/stm32f4xx_hal_cortex.o ./Drivers/STM32F4xx_HAL_Driver/Src/stm32f4xx_hal_cortex.su ./Drivers/STM32F4xx_HAL_Driver/Src/stm32f4xx_hal_dma.cyclo ./Drivers/STM32F4xx_HAL_Driver/Src/stm32f4xx_hal_dma.d ./Drivers/STM32F4xx_HAL_Driver/Src/stm32f4xx_hal_dma.o ./Drivers/STM32F4xx_HAL_Driver/Src/stm32f4xx_hal_dma.su ./Drivers/STM32F4xx_HAL_Driver/Src/stm32f4xx_hal_dma_ex.cyclo ./Drivers/STM32F4xx_HAL_Driver/Src/stm32f4xx_hal_dma_ex.d ./Drivers/STM32F4xx_HAL_Driver/Src/stm32f4xx_hal_dma_ex.o ./Drivers/STM32F4xx_HAL_Driver/Src/stm32f4xx_hal_dma_ex.su ./Drivers/STM32F4xx_HAL_Driver/Src/stm32f4xx_hal_exti.cyclo ./Drivers/STM32F4xx_HAL_Driver/Src/stm32f4xx_hal_exti.d ./Drivers/STM32F4xx_HAL_Driver/Src/stm32f4xx_hal_exti.o ./Drivers/STM32F4xx_HAL_Driver/Src/stm32f4xx_hal_exti.su ./Drivers/STM32F4xx_HAL_Driver/Src/stm32f4xx_hal_flash.cyclo ./Drivers/STM32F4xx_HAL_Driver/Src/stm32f4xx_hal_flash.d ./Drivers/STM32F4xx_HAL_Driver/Src/stm32f4xx_hal_flash.o ./Drivers/STM32F4xx_HAL_Driver/Src/stm32f4xx_hal_flash.su ./Drivers/STM32F4xx_HAL_Driver/Src/stm32f4xx_hal_flash_ex.cyclo ./Drivers/STM32F4xx_HAL_Driver/Src/stm32f4xx_hal_flash_ex.d ./Drivers/STM32F4xx_HAL_Driver/Src/stm32f4xx_hal_flash_ex.o ./Drivers/STM32F4xx_HAL_Driver/Src/stm32f4xx_hal_flash_ex.su ./Drivers/STM32F4xx_HAL_Driver/Src/stm32f4xx_hal_flash_ramfunc.cyclo ./Drivers/STM32F4xx_HAL_Driver/Src/stm32f4xx_hal_flash_ramfunc.d ./Drivers/STM32F4xx_HAL_Driver/Src/stm32f4xx_hal_flash_ramfunc.o ./Drivers/STM32F4xx_HAL_Driver/Src/stm32f4xx_hal_flash_ramfunc.su ./Drivers/STM32F4xx_HAL_Driver/Src/stm32f4xx_hal_gpio.cyclo ./Drivers/STM32F4xx_HAL_Driver/Src/stm32f4xx_hal_gpio.d ./Drivers/STM32F4xx_HAL_Driver/Src/stm32f4xx_hal_gpio.o ./Drivers/STM32F4xx_HAL_Driver/Src/stm32f4xx_hal_gpio.su ./Drivers/STM32F4xx_HAL_Driver/Src/stm32f4xx_hal_i2c.cyclo ./Drivers/STM32F4xx_HAL_Driver/Src/stm32f4xx_hal_i2c.d ./Drivers/STM32F4xx_HAL_Driver/Src/stm32f4xx_hal_i2c.o ./Drivers/STM32F4xx_HAL_Driver/Src/stm32f4xx_hal_i2c.su ./Drivers/STM32F4xx_HAL_Driver/Src/stm32f4xx_hal_i2c_ex.cyclo ./Drivers/STM32F4xx_HAL_Driver/Src/stm32f4xx_hal_i2c_ex.d ./Drivers/STM32F4xx_HAL_Driver/Src/stm32f4xx_hal_i2c_ex.o ./Drivers/STM32F4xx_HAL_Driver/Src/stm32f4xx_hal_i2c_ex.su ./Drivers/STM32F4xx_HAL_Driver/Src/stm32f4xx_hal_pwr.cyclo ./Drivers/STM32F4xx_HAL_Driver/Src/stm32f4xx_hal_pwr.d ./Drivers/STM32F4xx_HAL_Driver/Src/stm32f4xx_hal_pwr.o ./Drivers/STM32F4xx_HAL_Driver/Src/stm32f4xx_hal_pwr.su ./Drivers/STM32F4xx_HAL_Driver/Src/stm32f4xx_hal_pwr_ex.cyclo ./Drivers/STM32F4xx_HAL_Driver/Src/stm32f4xx_hal_pwr_ex.d ./Drivers/STM32F4xx_HAL_Driver/Src/stm32f4xx_hal_pwr_ex.o ./Drivers/STM32F4xx_HAL_Driver/Src/stm32f4xx_hal_pwr_ex.su ./Drivers/STM32F4xx_HAL_Driver/Src/stm32f4xx_hal_rcc.cyclo ./Drivers/STM32F4xx_HAL_Driver/Src/stm32f4xx_hal_rcc.d ./Drivers/STM32F4xx_HAL_Driver/Src/stm32f4xx_hal_rcc.o ./Drivers/STM32F4xx_HAL_Driver/Src/stm32f4xx_hal_rcc.su ./Drivers/STM32F4xx_HAL_Driver/Src/stm32f4xx_hal_rcc_ex.cyclo ./Drivers/STM32F4xx_HAL_Driver/Src/stm32f4xx_hal_rcc_ex.d ./Drivers/STM32F4xx_HAL_Driver/Src/stm32f4xx_hal_rcc_ex.o ./Drivers/STM32F4xx_HAL_Driver/Src/stm32f4xx_hal_rcc_ex.su ./Drivers/STM32F4xx_HAL_Driver/Src/stm32f4xx_hal_sd.cyclo ./Drivers/STM32F4xx_HAL_Driver/Src/stm32f4xx_hal_sd.d ./Drivers/STM32F4xx_HAL_Driver/Src/stm32f4xx_hal_sd.o ./Drivers/STM32F4xx_HAL_Driver/Src/stm32f4xx_hal_sd.su ./Drivers/STM32F4xx_HAL_Driver/Src/stm32f4xx_hal_spi.cyclo ./Drivers/STM32F4xx_HAL_Driver/Src/stm32f4xx_hal_spi.d ./Drivers/STM32F4xx_HAL_Driver/Src/stm32f4xx_hal_spi.o ./Drivers/STM32F4xx_HAL_Driver/Src/stm32f4xx_hal_spi.su ./Drivers/STM32F4xx_HAL_Driver/Src/stm32f4xx_hal_tim.cyclo ./Drivers/STM32F4xx_HAL_Driver/Src/stm32f4xx_hal_tim.d ./Drivers/STM32F4xx_HAL_Driver/Src/stm32f4xx_hal_tim.o ./Drivers/STM32F4xx_HAL_Driver/Src/stm32f4xx_hal_tim.su ./Drivers/STM32F4xx_HAL_Driver/Src/stm32f4xx_hal_tim_ex.cyclo ./Drivers/STM32F4xx_HAL_Driver/Src/stm32f4xx_hal_tim_ex.d ./Drivers/STM32F4xx_HAL_Driver/Src/stm32f4xx_hal_tim_ex.o ./Drivers/STM32F4xx_HAL_Driver/Src/stm32f4xx_hal_tim_ex.su ./Drivers/STM32F4xx_HAL_Driver/Src/stm32f4xx_hal_uart.cyclo ./Drivers/STM32F4xx_HAL_Driver/Src/stm32f4xx_hal_uart.d ./Drivers/STM32F4xx_HAL_Driver/Src/stm32f4xx_hal_uart.o ./Drivers/STM32F4xx_HAL_Driver/Src/stm32f4xx_hal_uart.su ./Drivers/STM32F4xx_HAL_Driver/Src/stm32f4xx_ll_sdmmc.cyclo ./Drivers/STM32F4xx_HAL_Driver/Src/stm32f4xx_ll_sdmmc.d ./Drivers/STM32F4xx_HAL_Driver/Src/stm32f4xx_ll_sdmmc.o ./Drivers/STM32F4xx_HAL_Driver/Src/stm32f4xx_ll_sdmmc.su
rm -rf ./Core/Startup/startup_stm32f407vgtx.d ./Core/Startup/startup_stm32f407vgtx.o
rm -rf ./Core/Src/main.cyclo ./Core/Src/main.d ./Core/Src/main.o ./Core/Src/main.su ./Core/Src/sd_functions.cyclo ./Core/Src/sd_functions.d ./Core/Src/sd_functions.o ./Core/Src/sd_functions.su ./Core/Src/stm32f4xx_hal_msp.cyclo ./Core/Src/stm32f4xx_hal_msp.d ./Core/Src/stm32f4xx_hal_msp.o ./Core/Src/stm32f4xx_hal_msp.su ./Core/Src/stm32f4xx_hal_timebase_tim.cyclo ./Core/Src/stm32f4xx_hal_timebase_tim.d ./Core/Src/stm32f4xx_hal_timebase_tim.o ./Core/Src/stm32f4xx_hal_timebase_tim.su ./Core/Src/stm32f4xx_it.cyclo ./Core/Src/stm32f4xx_it.d ./Core/Src/stm32f4xx_it.o ./Core/Src/stm32f4xx_it.su ./Core/Src/syscalls.cyclo ./Core/Src/syscalls.d ./Core/Src/syscalls.o ./Core/Src/syscalls.su ./Core/Src/sysmem.cyclo ./Core/Src/sysmem.d ./Core/Src/sysmem.o ./Core/Src/sysmem.su ./Core/Src/system_stm32f4xx.cyclo ./Core/Src/system_stm32f4xx.d ./Core/Src/system_stm32f4xx.o ./Core/Src/system_stm32f4xx.su ./Core/Src/task_handler.cyclo ./Core/Src/task_handler.d ./Core/Src/task_handler.o ./Core/Src/task_handler.su
rm -rf MeteoStation.elf MeteoStation.list MeteoStation.map default.size.stdout
 
12:56:59 **** Build of configuration Debug for project MeteoStation ****
make -j16 all 
arm-none-eabi-gcc "C:/programing/Embedded/projects_stm32/RTOS_workspace/common/ThirdParty/SEGGER/SEGGER/SEGGER_RTT.c" -mcpu=cortex-m4 -std=gnu11 -g3 -DDEBUG -DUSE_HAL_DRIVER -DSTM32F407xx -c -I../Core/Inc -I../Drivers/STM32F4xx_HAL_Driver/Inc -I../Drivers/STM32F4xx_HAL_Driver/Inc/Legacy -I../Drivers/CMSIS/Device/ST/STM32F4xx/Include -I../Drivers/CMSIS/Include -I"C:/programing/Embedded/projects_stm32/RTOS_workspace/common/ThirdParty/FreeRTOS/include" -I"C:/programing/Embedded/projects_stm32/RTOS_workspace/common/ThirdParty/FreeRTOS/portable/GCC/ARM_CM4F" -I"C:/programing/Embedded/projects_stm32/RTOS_workspace/common/ThirdParty/SEGGER/Config" -I"C:/programing/Embedded/projects_stm32/RTOS_workspace/common/ThirdParty/SEGGER/OS" -I"C:/programing/Embedded/projects_stm32/RTOS_workspace/common/ThirdParty/SEGGER/SEGGER" -I"C:/programing/Embedded/projects_stm32/MeteoStation/MeteoStation/Drivers/bsp" -I../FATFS/Target -I../FATFS/App -I../Middlewares/Third_Party/FatFs/src -O0 -ffunction-sections -fdata-sections -Wall -fstack-usage -fcyclomatic-complexity -MMD -MP -MF"common/ThirdParty/SEGGER/SEGGER/SEGGER_RTT.d" -MT"common/ThirdParty/SEGGER/SEGGER/SEGGER_RTT.o" --specs=nano.specs -mfpu=fpv4-sp-d16 -mfloat-abi=hard -mthumb -o "common/ThirdParty/SEGGER/SEGGER/SEGGER_RTT.o"
arm-none-eabi-gcc -mcpu=cortex-m4 -g3 -DDEBUG -c -I"C:/programing/Embedded/projects_stm32/RTOS_workspace/common/ThirdParty/SEGGER/Config" -I"C:/programing/Embedded/projects_stm32/RTOS_workspace/common/ThirdParty/SEGGER/SEGGER" -x assembler-with-cpp -MMD -MP -MF"common/ThirdParty/SEGGER/SEGGER/SEGGER_RTT_ASM_ARMv7M.d" -MT"common/ThirdParty/SEGGER/SEGGER/SEGGER_RTT_ASM_ARMv7M.o" --specs=nano.specs -mfpu=fpv4-sp-d16 -mfloat-abi=hard -mthumb -o "common/ThirdParty/SEGGER/SEGGER/SEGGER_RTT_ASM_ARMv7M.o" "C:/programing/Embedded/projects_stm32/RTOS_workspace/common/ThirdParty/SEGGER/SEGGER/SEGGER_RTT_ASM_ARMv7M.S"
arm-none-eabi-gcc "C:/programing/Embedded/projects_stm32/RTOS_workspace/common/ThirdParty/SEGGER/SEGGER/SEGGER_RTT_printf.c" -mcpu=cortex-m4 -std=gnu11 -g3 -DDEBUG -DUSE_HAL_DRIVER -DSTM32F407xx -c -I../Core/Inc -I../Drivers/STM32F4xx_HAL_Driver/Inc -I../Drivers/STM32F4xx_HAL_Driver/Inc/Legacy -I../Drivers/CMSIS/Device/ST/STM32F4xx/Include -I../Drivers/CMSIS/Include -I"C:/programing/Embedded/projects_stm32/RTOS_workspace/common/ThirdParty/FreeRTOS/include" -I"C:/programing/Embedded/projects_stm32/RTOS_workspace/common/ThirdParty/FreeRTOS/portable/GCC/ARM_CM4F" -I"C:/programing/Embedded/projects_stm32/RTOS_workspace/common/ThirdParty/SEGGER/Config" -I"C:/programing/Embedded/projects_stm32/RTOS_workspace/common/ThirdParty/SEGGER/OS" -I"C:/programing/Embedded/projects_stm32/RTOS_workspace/common/ThirdParty/SEGGER/SEGGER" -I"C:/programing/Embedded/projects_stm32/MeteoStation/MeteoStation/Drivers/bsp" -I../FATFS/Target -I../FATFS/App -I../Middlewares/Third_Party/FatFs/src -O0 -ffunction-sections -fdata-sections -Wall -fstack-usage -fcyclomatic-complexity -MMD -MP -MF"common/ThirdParty/SEGGER/SEGGER/SEGGER_RTT_printf.d" -MT"common/ThirdParty/SEGGER/SEGGER/SEGGER_RTT_printf.o" --specs=nano.specs -mfpu=fpv4-sp-d16 -mfloat-abi=hard -mthumb -o "common/ThirdParty/SEGGER/SEGGER/SEGGER_RTT_printf.o"
arm-none-eabi-gcc "C:/programing/Embedded/projects_stm32/RTOS_workspace/common/ThirdParty/SEGGER/SEGGER/SEGGER_SYSVIEW.c" -mcpu=cortex-m4 -std=gnu11 -g3 -DDEBUG -DUSE_HAL_DRIVER -DSTM32F407xx -c -I../Core/Inc -I../Drivers/STM32F4xx_HAL_Driver/Inc -I../Drivers/STM32F4xx_HAL_Driver/Inc/Legacy -I../Drivers/CMSIS/Device/ST/STM32F4xx/Include -I../Drivers/CMSIS/Include -I"C:/programing/Embedded/projects_stm32/RTOS_workspace/common/ThirdParty/FreeRTOS/include" -I"C:/programing/Embedded/projects_stm32/RTOS_workspace/common/ThirdParty/FreeRTOS/portable/GCC/ARM_CM4F" -I"C:/programing/Embedded/projects_stm32/RTOS_workspace/common/ThirdParty/SEGGER/Config" -I"C:/programing/Embedded/projects_stm32/RTOS_workspace/common/ThirdParty/SEGGER/OS" -I"C:/programing/Embedded/projects_stm32/RTOS_workspace/common/ThirdParty/SEGGER/SEGGER" -I"C:/programing/Embedded/projects_stm32/MeteoStation/MeteoStation/Drivers/bsp" -I../FATFS/Target -I../FATFS/App -I../Middlewares/Third_Party/FatFs/src -O0 -ffunction-sections -fdata-sections -Wall -fstack-usage -fcyclomatic-complexity -MMD -MP -MF"common/ThirdParty/SEGGER/SEGGER/SEGGER_SYSVIEW.d" -MT"common/ThirdParty/SEGGER/SEGGER/SEGGER_SYSVIEW.o" --specs=nano.specs -mfpu=fpv4-sp-d16 -mfloat-abi=hard -mthumb -o "common/ThirdParty/SEGGER/SEGGER/SEGGER_SYSVIEW.o"
arm-none-eabi-gcc "C:/programing/Embedded/projects_stm32/RTOS_workspace/common/ThirdParty/SEGGER/Rec/segger_uart.c" -mcpu=cortex-m4 -std=gnu11 -g3 -DDEBUG -DUSE_HAL_DRIVER -DSTM32F407xx -c -I../Core/Inc -I../Drivers/STM32F4xx_HAL_Driver/Inc -I../Drivers/STM32F4xx_HAL_Driver/Inc/Legacy -I../Drivers/CMSIS/Device/ST/STM32F4xx/Include -I../Drivers/CMSIS/Include -I"C:/programing/Embedded/projects_stm32/RTOS_workspace/common/ThirdParty/FreeRTOS/include" -I"C:/programing/Embedded/projects_stm32/RTOS_workspace/common/ThirdParty/FreeRTOS/portable/GCC/ARM_CM4F" -I"C:/programing/Embedded/projects_stm32/RTOS_workspace/common/ThirdParty/SEGGER/Config" -I"C:/programing/Embedded/projects_stm32/RTOS_workspace/common/ThirdParty/SEGGER/OS" -I"C:/programing/Embedded/projects_stm32/RTOS_workspace/common/ThirdParty/SEGGER/SEGGER" -I"C:/programing/Embedded/projects_stm32/MeteoStation/MeteoStation/Drivers/bsp" -I../FATFS/Target -I../FATFS/App -I../Middlewares/Third_Party/FatFs/src -O0 -ffunction-sections -fdata-sections -Wall -fstack-usage -fcyclomatic-complexity -MMD -MP -MF"common/ThirdParty/SEGGER/Rec/segger_uart.d" -MT"common/ThirdParty/SEGGER/Rec/segger_uart.o" --specs=nano.specs -mfpu=fpv4-sp-d16 -mfloat-abi=hard -mthumb -o "common/ThirdParty/SEGGER/Rec/segger_uart.o"
arm-none-eabi-gcc "C:/programing/Embedded/projects_stm32/RTOS_workspace/common/ThirdParty/SEGGER/OS/SEGGER_SYSVIEW_FreeRTOS.c" -mcpu=cortex-m4 -std=gnu11 -g3 -DDEBUG -DUSE_HAL_DRIVER -DSTM32F407xx -c -I../Core/Inc -I../Drivers/STM32F4xx_HAL_Driver/Inc -I../Drivers/STM32F4xx_HAL_Driver/Inc/Legacy -I../Drivers/CMSIS/Device/ST/STM32F4xx/Include -I../Drivers/CMSIS/Include -I"C:/programing/Embedded/projects_stm32/RTOS_workspace/common/ThirdParty/FreeRTOS/include" -I"C:/programing/Embedded/projects_stm32/RTOS_workspace/common/ThirdParty/FreeRTOS/portable/GCC/ARM_CM4F" -I"C:/programing/Embedded/projects_stm32/RTOS_workspace/common/ThirdParty/SEGGER/Config" -I"C:/programing/Embedded/projects_stm32/RTOS_workspace/common/ThirdParty/SEGGER/OS" -I"C:/programing/Embedded/projects_stm32/RTOS_workspace/common/ThirdParty/SEGGER/SEGGER" -I"C:/programing/Embedded/projects_stm32/MeteoStation/MeteoStation/Drivers/bsp" -I../FATFS/Target -I../FATFS/App -I../Middlewares/Third_Party/FatFs/src -O0 -ffunction-sections -fdata-sections -Wall -fstack-usage -fcyclomatic-complexity -MMD -MP -MF"common/ThirdParty/SEGGER/OS/SEGGER_SYSVIEW_FreeRTOS.d" -MT"common/ThirdParty/SEGGER/OS/SEGGER_SYSVIEW_FreeRTOS.o" --specs=nano.specs -mfpu=fpv4-sp-d16 -mfloat-abi=hard -mthumb -o "common/ThirdParty/SEGGER/OS/SEGGER_SYSVIEW_FreeRTOS.o"
arm-none-eabi-gcc "C:/programing/Embedded/projects_stm32/RTOS_workspace/common/ThirdParty/SEGGER/Config/SEGGER_SYSVIEW_Config_FreeRTOS.c" -mcpu=cortex-m4 -std=gnu11 -g3 -DDEBUG -DUSE_HAL_DRIVER -DSTM32F407xx -c -I../Core/Inc -I../Drivers/STM32F4xx_HAL_Driver/Inc -I../Drivers/STM32F4xx_HAL_Driver/Inc/Legacy -I../Drivers/CMSIS/Device/ST/STM32F4xx/Include -I../Drivers/CMSIS/Include -I"C:/programing/Embedded/projects_stm32/RTOS_workspace/common/ThirdParty/FreeRTOS/include" -I"C:/programing/Embedded/projects_stm32/RTOS_workspace/common/ThirdParty/FreeRTOS/portable/GCC/ARM_CM4F" -I"C:/programing/Embedded/projects_stm32/RTOS_workspace/common/ThirdParty/SEGGER/Config" -I"C:/programing/Embedded/projects_stm32/RTOS_workspace/common/ThirdParty/SEGGER/OS" -I"C:/programing/Embedded/projects_stm32/RTOS_workspace/common/ThirdParty/SEGGER/SEGGER" -I"C:/programing/Embedded/projects_stm32/MeteoStation/MeteoStation/Drivers/bsp" -I../FATFS/Target -I../FATFS/App -I../Middlewares/Third_Party/FatFs/src -O0 -ffunction-sections -fdata-sections -Wall -fstack-usage -fcyclomatic-complexity -MMD -MP -MF"common/ThirdParty/SEGGER/Config/SEGGER_SYSVIEW_Config_FreeRTOS.d" -MT"common/ThirdParty/SEGGER/Config/SEGGER_SYSVIEW_Config_FreeRTOS.o" --specs=nano.specs -mfpu=fpv4-sp-d16 -mfloat-abi=hard -mthumb -o "common/ThirdParty/SEGGER/Config/SEGGER_SYSVIEW_Config_FreeRTOS.o"
arm-none-eabi-gcc "C:/programing/Embedded/projects_stm32/RTOS_workspace/common/ThirdParty/FreeRTOS/portable/MemMang/heap_4.c" -mcpu=cortex-m4 -std=gnu11 -g3 -DDEBUG -DUSE_HAL_DRIVER -DSTM32F407xx -c -I../Core/Inc -I../Drivers/STM32F4xx_HAL_Driver/Inc -I../Drivers/STM32F4xx_HAL_Driver/Inc/Legacy -I../Drivers/CMSIS/Device/ST/STM32F4xx/Include -I../Drivers/CMSIS/Include -I"C:/programing/Embedded/projects_stm32/RTOS_workspace/common/ThirdParty/FreeRTOS/include" -I"C:/programing/Embedded/projects_stm32/RTOS_workspace/common/ThirdParty/FreeRTOS/portable/GCC/ARM_CM4F" -I"C:/programing/Embedded/projects_stm32/RTOS_workspace/common/ThirdParty/SEGGER/Config" -I"C:/programing/Embedded/projects_stm32/RTOS_workspace/common/ThirdParty/SEGGER/OS" -I"C:/programing/Embedded/projects_stm32/RTOS_workspace/common/ThirdParty/SEGGER/SEGGER" -I"C:/programing/Embedded/projects_stm32/MeteoStation/MeteoStation/Drivers/bsp" -I../FATFS/Target -I../FATFS/App -I../Middlewares/Third_Party/FatFs/src -O0 -ffunction-sections -fdata-sections -Wall -fstack-usage -fcyclomatic-complexity -MMD -MP -MF"common/ThirdParty/FreeRTOS/portable/MemMang/heap_4.d" -MT"common/ThirdParty/FreeRTOS/portable/MemMang/heap_4.o" --specs=nano.specs -mfpu=fpv4-sp-d16 -mfloat-abi=hard -mthumb -o "common/ThirdParty/FreeRTOS/portable/MemMang/heap_4.o"
arm-none-eabi-gcc "C:/programing/Embedded/projects_stm32/RTOS_workspace/common/ThirdParty/FreeRTOS/portable/GCC/ARM_CM4F/port.c" -mcpu=cortex-m4 -std=gnu11 -g3 -DDEBUG -DUSE_HAL_DRIVER -DSTM32F407xx -c -I../Core/Inc -I../Drivers/STM32F4xx_HAL_Driver/Inc -I../Drivers/STM32F4xx_HAL_Driver/Inc/Legacy -I../Drivers/CMSIS/Device/ST/STM32F4xx/Include -I../Drivers/CMSIS/Include -I"C:/programing/Embedded/projects_stm32/RTOS_workspace/common/ThirdParty/FreeRTOS/include" -I"C:/programing/Embedded/projects_stm32/RTOS_workspace/common/ThirdParty/FreeRTOS/portable/GCC/ARM_CM4F" -I"C:/programing/Embedded/projects_stm32/RTOS_workspace/common/ThirdParty/SEGGER/Config" -I"C:/programing/Embedded/projects_stm32/RTOS_workspace/common/ThirdParty/SEGGER/OS" -I"C:/programing/Embedded/projects_stm32/RTOS_workspace/common/ThirdParty/SEGGER/SEGGER" -I"C:/programing/Embedded/projects_stm32/MeteoStation/MeteoStation/Drivers/bsp" -I../FATFS/Target -I../FATFS/App -I../Middlewares/Third_Party/FatFs/src -O0 -ffunction-sections -fdata-sections -Wall -fstack-usage -fcyclomatic-complexity -MMD -MP -MF"common/ThirdParty/FreeRTOS/portable/GCC/ARM_CM4F/port.d" -MT"common/ThirdParty/FreeRTOS/portable/GCC/ARM_CM4F/port.o" --specs=nano.specs -mfpu=fpv4-sp-d16 -mfloat-abi=hard -mthumb -o "common/ThirdParty/FreeRTOS/portable/GCC/ARM_CM4F/port.o"
arm-none-eabi-gcc "C:/programing/Embedded/projects_stm32/RTOS_workspace/common/ThirdParty/FreeRTOS/croutine.c" -mcpu=cortex-m4 -std=gnu11 -g3 -DDEBUG -DUSE_HAL_DRIVER -DSTM32F407xx -c -I../Core/Inc -I../Drivers/STM32F4xx_HAL_Driver/Inc -I../Drivers/STM32F4xx_HAL_Driver/Inc/Legacy -I../Drivers/CMSIS/Device/ST/STM32F4xx/Include -I../Drivers/CMSIS/Include -I"C:/programing/Embedded/projects_stm32/RTOS_workspace/common/ThirdParty/FreeRTOS/include" -I"C:/programing/Embedded/projects_stm32/RTOS_workspace/common/ThirdParty/FreeRTOS/portable/GCC/ARM_CM4F" -I"C:/programing/Embedded/projects_stm32/RTOS_workspace/common/ThirdParty/SEGGER/Config" -I"C:/programing/Embedded/projects_stm32/RTOS_workspace/common/ThirdParty/SEGGER/OS" -I"C:/programing/Embedded/projects_stm32/RTOS_workspace/common/ThirdParty/SEGGER/SEGGER" -I"C:/programing/Embedded/projects_stm32/MeteoStation/MeteoStation/Drivers/bsp" -I../FATFS/Target -I../FATFS/App -I../Middlewares/Third_Party/FatFs/src -O0 -ffunction-sections -fdata-sections -Wall -fstack-usage -fcyclomatic-complexity -MMD -MP -MF"common/ThirdParty/FreeRTOS/croutine.d" -MT"common/ThirdParty/FreeRTOS/croutine.o" --specs=nano.specs -mfpu=fpv4-sp-d16 -mfloat-abi=hard -mthumb -o "common/ThirdParty/FreeRTOS/croutine.o"
arm-none-eabi-gcc "C:/programing/Embedded/projects_stm32/RTOS_workspace/common/ThirdParty/FreeRTOS/event_groups.c" -mcpu=cortex-m4 -std=gnu11 -g3 -DDEBUG -DUSE_HAL_DRIVER -DSTM32F407xx -c -I../Core/Inc -I../Drivers/STM32F4xx_HAL_Driver/Inc -I../Drivers/STM32F4xx_HAL_Driver/Inc/Legacy -I../Drivers/CMSIS/Device/ST/STM32F4xx/Include -I../Drivers/CMSIS/Include -I"C:/programing/Embedded/projects_stm32/RTOS_workspace/common/ThirdParty/FreeRTOS/include" -I"C:/programing/Embedded/projects_stm32/RTOS_workspace/common/ThirdParty/FreeRTOS/portable/GCC/ARM_CM4F" -I"C:/programing/Embedded/projects_stm32/RTOS_workspace/common/ThirdParty/SEGGER/Config" -I"C:/programing/Embedded/projects_stm32/RTOS_workspace/common/ThirdParty/SEGGER/OS" -I"C:/programing/Embedded/projects_stm32/RTOS_workspace/common/ThirdParty/SEGGER/SEGGER" -I"C:/programing/Embedded/projects_stm32/MeteoStation/MeteoStation/Drivers/bsp" -I../FATFS/Target -I../FATFS/App -I../Middlewares/Third_Party/FatFs/src -O0 -ffunction-sections -fdata-sections -Wall -fstack-usage -fcyclomatic-complexity -MMD -MP -MF"common/ThirdParty/FreeRTOS/event_groups.d" -MT"common/ThirdParty/FreeRTOS/event_groups.o" --specs=nano.specs -mfpu=fpv4-sp-d16 -mfloat-abi=hard -mthumb -o "common/ThirdParty/FreeRTOS/event_groups.o"
arm-none-eabi-gcc "C:/programing/Embedded/projects_stm32/RTOS_workspace/common/ThirdParty/FreeRTOS/list.c" -mcpu=cortex-m4 -std=gnu11 -g3 -DDEBUG -DUSE_HAL_DRIVER -DSTM32F407xx -c -I../Core/Inc -I../Drivers/STM32F4xx_HAL_Driver/Inc -I../Drivers/STM32F4xx_HAL_Driver/Inc/Legacy -I../Drivers/CMSIS/Device/ST/STM32F4xx/Include -I../Drivers/CMSIS/Include -I"C:/programing/Embedded/projects_stm32/RTOS_workspace/common/ThirdParty/FreeRTOS/include" -I"C:/programing/Embedded/projects_stm32/RTOS_workspace/common/ThirdParty/FreeRTOS/portable/GCC/ARM_CM4F" -I"C:/programing/Embedded/projects_stm32/RTOS_workspace/common/ThirdParty/SEGGER/Config" -I"C:/programing/Embedded/projects_stm32/RTOS_workspace/common/ThirdParty/SEGGER/OS" -I"C:/programing/Embedded/projects_stm32/RTOS_workspace/common/ThirdParty/SEGGER/SEGGER" -I"C:/programing/Embedded/projects_stm32/MeteoStation/MeteoStation/Drivers/bsp" -I../FATFS/Target -I../FATFS/App -I../Middlewares/Third_Party/FatFs/src -O0 -ffunction-sections -fdata-sections -Wall -fstack-usage -fcyclomatic-complexity -MMD -MP -MF"common/ThirdParty/FreeRTOS/list.d" -MT"common/ThirdParty/FreeRTOS/list.o" --specs=nano.specs -mfpu=fpv4-sp-d16 -mfloat-abi=hard -mthumb -o "common/ThirdParty/FreeRTOS/list.o"
arm-none-eabi-gcc "C:/programing/Embedded/projects_stm32/RTOS_workspace/common/ThirdParty/FreeRTOS/queue.c" -mcpu=cortex-m4 -std=gnu11 -g3 -DDEBUG -DUSE_HAL_DRIVER -DSTM32F407xx -c -I../Core/Inc -I../Drivers/STM32F4xx_HAL_Driver/Inc -I../Drivers/STM32F4xx_HAL_Driver/Inc/Legacy -I../Drivers/CMSIS/Device/ST/STM32F4xx/Include -I../Drivers/CMSIS/Include -I"C:/programing/Embedded/projects_stm32/RTOS_workspace/common/ThirdParty/FreeRTOS/include" -I"C:/programing/Embedded/projects_stm32/RTOS_workspace/common/ThirdParty/FreeRTOS/portable/GCC/ARM_CM4F" -I"C:/programing/Embedded/projects_stm32/RTOS_workspace/common/ThirdParty/SEGGER/Config" -I"C:/programing/Embedded/projects_stm32/RTOS_workspace/common/ThirdParty/SEGGER/OS" -I"C:/programing/Embedded/projects_stm32/RTOS_workspace/common/ThirdParty/SEGGER/SEGGER" -I"C:/programing/Embedded/projects_stm32/MeteoStation/MeteoStation/Drivers/bsp" -I../FATFS/Target -I../FATFS/App -I../Middlewares/Third_Party/FatFs/src -O0 -ffunction-sections -fdata-sections -Wall -fstack-usage -fcyclomatic-complexity -MMD -MP -MF"common/ThirdParty/FreeRTOS/queue.d" -MT"common/ThirdParty/FreeRTOS/queue.o" --specs=nano.specs -mfpu=fpv4-sp-d16 -mfloat-abi=hard -mthumb -o "common/ThirdParty/FreeRTOS/queue.o"
arm-none-eabi-gcc "C:/programing/Embedded/projects_stm32/RTOS_workspace/common/ThirdParty/FreeRTOS/stream_buffer.c" -mcpu=cortex-m4 -std=gnu11 -g3 -DDEBUG -DUSE_HAL_DRIVER -DSTM32F407xx -c -I../Core/Inc -I../Drivers/STM32F4xx_HAL_Driver/Inc -I../Drivers/STM32F4xx_HAL_Driver/Inc/Legacy -I../Drivers/CMSIS/Device/ST/STM32F4xx/Include -I../Drivers/CMSIS/Include -I"C:/programing/Embedded/projects_stm32/RTOS_workspace/common/ThirdParty/FreeRTOS/include" -I"C:/programing/Embedded/projects_stm32/RTOS_workspace/common/ThirdParty/FreeRTOS/portable/GCC/ARM_CM4F" -I"C:/programing/Embedded/projects_stm32/RTOS_workspace/common/ThirdParty/SEGGER/Config" -I"C:/programing/Embedded/projects_stm32/RTOS_workspace/common/ThirdParty/SEGGER/OS" -I"C:/programing/Embedded/projects_stm32/RTOS_workspace/common/ThirdParty/SEGGER/SEGGER" -I"C:/programing/Embedded/projects_stm32/MeteoStation/MeteoStation/Drivers/bsp" -I../FATFS/Target -I../FATFS/App -I../Middlewares/Third_Party/FatFs/src -O0 -ffunction-sections -fdata-sections -Wall -fstack-usage -fcyclomatic-complexity -MMD -MP -MF"common/ThirdParty/FreeRTOS/stream_buffer.d" -MT"common/ThirdParty/FreeRTOS/stream_buffer.o" --specs=nano.specs -mfpu=fpv4-sp-d16 -mfloat-abi=hard -mthumb -o "common/ThirdParty/FreeRTOS/stream_buffer.o"
arm-none-eabi-gcc "C:/programing/Embedded/projects_stm32/RTOS_workspace/common/ThirdParty/FreeRTOS/tasks.c" -mcpu=cortex-m4 -std=gnu11 -g3 -DDEBUG -DUSE_HAL_DRIVER -DSTM32F407xx -c -I../Core/Inc -I../Drivers/STM32F4xx_HAL_Driver/Inc -I../Drivers/STM32F4xx_HAL_Driver/Inc/Legacy -I../Drivers/CMSIS/Device/ST/STM32F4xx/Include -I../Drivers/CMSIS/Include -I"C:/programing/Embedded/projects_stm32/RTOS_workspace/common/ThirdParty/FreeRTOS/include" -I"C:/programing/Embedded/projects_stm32/RTOS_workspace/common/ThirdParty/FreeRTOS/portable/GCC/ARM_CM4F" -I"C:/programing/Embedded/projects_stm32/RTOS_workspace/common/ThirdParty/SEGGER/Config" -I"C:/programing/Embedded/projects_stm32/RTOS_workspace/common/ThirdParty/SEGGER/OS" -I"C:/programing/Embedded/projects_stm32/RTOS_workspace/common/ThirdParty/SEGGER/SEGGER" -I"C:/programing/Embedded/projects_stm32/MeteoStation/MeteoStation/Drivers/bsp" -I../FATFS/Target -I../FATFS/App -I../Middlewares/Third_Party/FatFs/src -O0 -ffunction-sections -fdata-sections -Wall -fstack-usage -fcyclomatic-complexity -MMD -MP -MF"common/ThirdParty/FreeRTOS/tasks.d" -MT"common/ThirdParty/FreeRTOS/tasks.o" --specs=nano.specs -mfpu=fpv4-sp-d16 -mfloat-abi=hard -mthumb -o "common/ThirdParty/FreeRTOS/tasks.o"
arm-none-eabi-gcc "C:/programing/Embedded/projects_stm32/RTOS_workspace/common/ThirdParty/FreeRTOS/timers.c" -mcpu=cortex-m4 -std=gnu11 -g3 -DDEBUG -DUSE_HAL_DRIVER -DSTM32F407xx -c -I../Core/Inc -I../Drivers/STM32F4xx_HAL_Driver/Inc -I../Drivers/STM32F4xx_HAL_Driver/Inc/Legacy -I../Drivers/CMSIS/Device/ST/STM32F4xx/Include -I../Drivers/CMSIS/Include -I"C:/programing/Embedded/projects_stm32/RTOS_workspace/common/ThirdParty/FreeRTOS/include" -I"C:/programing/Embedded/projects_stm32/RTOS_workspace/common/ThirdParty/FreeRTOS/portable/GCC/ARM_CM4F" -I"C:/programing/Embedded/projects_stm32/RTOS_workspace/common/ThirdParty/SEGGER/Config" -I"C:/programing/Embedded/projects_stm32/RTOS_workspace/common/ThirdParty/SEGGER/OS" -I"C:/programing/Embedded/projects_stm32/RTOS_workspace/common/ThirdParty/SEGGER/SEGGER" -I"C:/programing/Embedded/projects_stm32/MeteoStation/MeteoStation/Drivers/bsp" -I../FATFS/Target -I../FATFS/App -I../Middlewares/Third_Party/FatFs/src -O0 -ffunction-sections -fdata-sections -Wall -fstack-usage -fcyclomatic-complexity -MMD -MP -MF"common/ThirdParty/FreeRTOS/timers.d" -MT"common/ThirdParty/FreeRTOS/timers.o" --specs=nano.specs -mfpu=fpv4-sp-d16 -mfloat-abi=hard -mthumb -o "common/ThirdParty/FreeRTOS/timers.o"
arm-none-eabi-gcc "../Middlewares/Third_Party/FatFs/src/option/ccsbcs.c" -mcpu=cortex-m4 -std=gnu11 -g3 -DDEBUG -DUSE_HAL_DRIVER -DSTM32F407xx -c -I../Core/Inc -I../Drivers/STM32F4xx_HAL_Driver/Inc -I../Drivers/STM32F4xx_HAL_Driver/Inc/Legacy -I../Drivers/CMSIS/Device/ST/STM32F4xx/Include -I../Drivers/CMSIS/Include -I"C:/programing/Embedded/projects_stm32/RTOS_workspace/common/ThirdParty/FreeRTOS/include" -I"C:/programing/Embedded/projects_stm32/RTOS_workspace/common/ThirdParty/FreeRTOS/portable/GCC/ARM_CM4F" -I"C:/programing/Embedded/projects_stm32/RTOS_workspace/common/ThirdParty/SEGGER/Config" -I"C:/programing/Embedded/projects_stm32/RTOS_workspace/common/ThirdParty/SEGGER/OS" -I"C:/programing/Embedded/projects_stm32/RTOS_workspace/common/ThirdParty/SEGGER/SEGGER" -I"C:/programing/Embedded/projects_stm32/MeteoStation/MeteoStation/Drivers/bsp" -I../FATFS/Target -I../FATFS/App -I../Middlewares/Third_Party/FatFs/src -O0 -ffunction-sections -fdata-sections -Wall -fstack-usage -fcyclomatic-complexity -MMD -MP -MF"Middlewares/Third_Party/FatFs/src/option/ccsbcs.d" -MT"Middlewares/Third_Party/FatFs/src/option/ccsbcs.o" --specs=nano.specs -mfpu=fpv4-sp-d16 -mfloat-abi=hard -mthumb -o "Middlewares/Third_Party/FatFs/src/option/ccsbcs.o"
arm-none-eabi-gcc "../Middlewares/Third_Party/FatFs/src/option/syscall.c" -mcpu=cortex-m4 -std=gnu11 -g3 -DDEBUG -DUSE_HAL_DRIVER -DSTM32F407xx -c -I../Core/Inc -I../Drivers/STM32F4xx_HAL_Driver/Inc -I../Drivers/STM32F4xx_HAL_Driver/Inc/Legacy -I../Drivers/CMSIS/Device/ST/STM32F4xx/Include -I../Drivers/CMSIS/Include -I"C:/programing/Embedded/projects_stm32/RTOS_workspace/common/ThirdParty/FreeRTOS/include" -I"C:/programing/Embedded/projects_stm32/RTOS_workspace/common/ThirdParty/FreeRTOS/portable/GCC/ARM_CM4F" -I"C:/programing/Embedded/projects_stm32/RTOS_workspace/common/ThirdParty/SEGGER/Config" -I"C:/programing/Embedded/projects_stm32/RTOS_workspace/common/ThirdParty/SEGGER/OS" -I"C:/programing/Embedded/projects_stm32/RTOS_workspace/common/ThirdParty/SEGGER/SEGGER" -I"C:/programing/Embedded/projects_stm32/MeteoStation/MeteoStation/Drivers/bsp" -I../FATFS/Target -I../FATFS/App -I../Middlewares/Third_Party/FatFs/src -O0 -ffunction-sections -fdata-sections -Wall -fstack-usage -fcyclomatic-complexity -MMD -MP -MF"Middlewares/Third_Party/FatFs/src/option/syscall.d" -MT"Middlewares/Third_Party/FatFs/src/option/syscall.o" --specs=nano.specs -mfpu=fpv4-sp-d16 -mfloat-abi=hard -mthumb -o "Middlewares/Third_Party/FatFs/src/option/syscall.o"
arm-none-eabi-gcc "../Middlewares/Third_Party/FatFs/src/diskio.c" -mcpu=cortex-m4 -std=gnu11 -g3 -DDEBUG -DUSE_HAL_DRIVER -DSTM32F407xx -c -I../Core/Inc -I../Drivers/STM32F4xx_HAL_Driver/Inc -I../Drivers/STM32F4xx_HAL_Driver/Inc/Legacy -I../Drivers/CMSIS/Device/ST/STM32F4xx/Include -I../Drivers/CMSIS/Include -I"C:/programing/Embedded/projects_stm32/RTOS_workspace/common/ThirdParty/FreeRTOS/include" -I"C:/programing/Embedded/projects_stm32/RTOS_workspace/common/ThirdParty/FreeRTOS/portable/GCC/ARM_CM4F" -I"C:/programing/Embedded/projects_stm32/RTOS_workspace/common/ThirdParty/SEGGER/Config" -I"C:/programing/Embedded/projects_stm32/RTOS_workspace/common/ThirdParty/SEGGER/OS" -I"C:/programing/Embedded/projects_stm32/RTOS_workspace/common/ThirdParty/SEGGER/SEGGER" -I"C:/programing/Embedded/projects_stm32/MeteoStation/MeteoStation/Drivers/bsp" -I../FATFS/Target -I../FATFS/App -I../Middlewares/Third_Party/FatFs/src -O0 -ffunction-sections -fdata-sections -Wall -fstack-usage -fcyclomatic-complexity -MMD -MP -MF"Middlewares/Third_Party/FatFs/src/diskio.d" -MT"Middlewares/Third_Party/FatFs/src/diskio.o" --specs=nano.specs -mfpu=fpv4-sp-d16 -mfloat-abi=hard -mthumb -o "Middlewares/Third_Party/FatFs/src/diskio.o"
arm-none-eabi-gcc "../Middlewares/Third_Party/FatFs/src/ff.c" -mcpu=cortex-m4 -std=gnu11 -g3 -DDEBUG -DUSE_HAL_DRIVER -DSTM32F407xx -c -I../Core/Inc -I../Drivers/STM32F4xx_HAL_Driver/Inc -I../Drivers/STM32F4xx_HAL_Driver/Inc/Legacy -I../Drivers/CMSIS/Device/ST/STM32F4xx/Include -I../Drivers/CMSIS/Include -I"C:/programing/Embedded/projects_stm32/RTOS_workspace/common/ThirdParty/FreeRTOS/include" -I"C:/programing/Embedded/projects_stm32/RTOS_workspace/common/ThirdParty/FreeRTOS/portable/GCC/ARM_CM4F" -I"C:/programing/Embedded/projects_stm32/RTOS_workspace/common/ThirdParty/SEGGER/Config" -I"C:/programing/Embedded/projects_stm32/RTOS_workspace/common/ThirdParty/SEGGER/OS" -I"C:/programing/Embedded/projects_stm32/RTOS_workspace/common/ThirdParty/SEGGER/SEGGER" -I"C:/programing/Embedded/projects_stm32/MeteoStation/MeteoStation/Drivers/bsp" -I../FATFS/Target -I../FATFS/App -I../Middlewares/Third_Party/FatFs/src -O0 -ffunction-sections -fdata-sections -Wall -fstack-usage -fcyclomatic-complexity -MMD -MP -MF"Middlewares/Third_Party/FatFs/src/ff.d" -MT"Middlewares/Third_Party/FatFs/src/ff.o" --specs=nano.specs -mfpu=fpv4-sp-d16 -mfloat-abi=hard -mthumb -o "Middlewares/Third_Party/FatFs/src/ff.o"
arm-none-eabi-gcc "../Middlewares/Third_Party/FatFs/src/ff_gen_drv.c" -mcpu=cortex-m4 -std=gnu11 -g3 -DDEBUG -DUSE_HAL_DRIVER -DSTM32F407xx -c -I../Core/Inc -I../Drivers/STM32F4xx_HAL_Driver/Inc -I../Drivers/STM32F4xx_HAL_Driver/Inc/Legacy -I../Drivers/CMSIS/Device/ST/STM32F4xx/Include -I../Drivers/CMSIS/Include -I"C:/programing/Embedded/projects_stm32/RTOS_workspace/common/ThirdParty/FreeRTOS/include" -I"C:/programing/Embedded/projects_stm32/RTOS_workspace/common/ThirdParty/FreeRTOS/portable/GCC/ARM_CM4F" -I"C:/programing/Embedded/projects_stm32/RTOS_workspace/common/ThirdParty/SEGGER/Config" -I"C:/programing/Embedded/projects_stm32/RTOS_workspace/common/ThirdParty/SEGGER/OS" -I"C:/programing/Embedded/projects_stm32/RTOS_workspace/common/ThirdParty/SEGGER/SEGGER" -I"C:/programing/Embedded/projects_stm32/MeteoStation/MeteoStation/Drivers/bsp" -I../FATFS/Target -I../FATFS/App -I../Middlewares/Third_Party/FatFs/src -O0 -ffunction-sections -fdata-sections -Wall -fstack-usage -fcyclomatic-complexity -MMD -MP -MF"Middlewares/Third_Party/FatFs/src/ff_gen_drv.d" -MT"Middlewares/Third_Party/FatFs/src/ff_gen_drv.o" --specs=nano.specs -mfpu=fpv4-sp-d16 -mfloat-abi=hard -mthumb -o "Middlewares/Third_Party/FatFs/src/ff_gen_drv.o"
arm-none-eabi-gcc "../FATFS/Target/bsp_driver_sd.c" -mcpu=cortex-m4 -std=gnu11 -g3 -DDEBUG -DUSE_HAL_DRIVER -DSTM32F407xx -c -I../Core/Inc -I../Drivers/STM32F4xx_HAL_Driver/Inc -I../Drivers/STM32F4xx_HAL_Driver/Inc/Legacy -I../Drivers/CMSIS/Device/ST/STM32F4xx/Include -I../Drivers/CMSIS/Include -I"C:/programing/Embedded/projects_stm32/RTOS_workspace/common/ThirdParty/FreeRTOS/include" -I"C:/programing/Embedded/projects_stm32/RTOS_workspace/common/ThirdParty/FreeRTOS/portable/GCC/ARM_CM4F" -I"C:/programing/Embedded/projects_stm32/RTOS_workspace/common/ThirdParty/SEGGER/Config" -I"C:/programing/Embedded/projects_stm32/RTOS_workspace/common/ThirdParty/SEGGER/OS" -I"C:/programing/Embedded/projects_stm32/RTOS_workspace/common/ThirdParty/SEGGER/SEGGER" -I"C:/programing/Embedded/projects_stm32/MeteoStation/MeteoStation/Drivers/bsp" -I../FATFS/Target -I../FATFS/App -I../Middlewares/Third_Party/FatFs/src -O0 -ffunction-sections -fdata-sections -Wall -fstack-usage -fcyclomatic-complexity -MMD -MP -MF"FATFS/Target/bsp_driver_sd.d" -MT"FATFS/Target/bsp_driver_sd.o" --specs=nano.specs -mfpu=fpv4-sp-d16 -mfloat-abi=hard -mthumb -o "FATFS/Target/bsp_driver_sd.o"
arm-none-eabi-gcc "../FATFS/Target/fatfs_platform.c" -mcpu=cortex-m4 -std=gnu11 -g3 -DDEBUG -DUSE_HAL_DRIVER -DSTM32F407xx -c -I../Core/Inc -I../Drivers/STM32F4xx_HAL_Driver/Inc -I../Drivers/STM32F4xx_HAL_Driver/Inc/Legacy -I../Drivers/CMSIS/Device/ST/STM32F4xx/Include -I../Drivers/CMSIS/Include -I"C:/programing/Embedded/projects_stm32/RTOS_workspace/common/ThirdParty/FreeRTOS/include" -I"C:/programing/Embedded/projects_stm32/RTOS_workspace/common/ThirdParty/FreeRTOS/portable/GCC/ARM_CM4F" -I"C:/programing/Embedded/projects_stm32/RTOS_workspace/common/ThirdParty/SEGGER/Config" -I"C:/programing/Embedded/projects_stm32/RTOS_workspace/common/ThirdParty/SEGGER/OS" -I"C:/programing/Embedded/projects_stm32/RTOS_workspace/common/ThirdParty/SEGGER/SEGGER" -I"C:/programing/Embedded/projects_stm32/MeteoStation/MeteoStation/Drivers/bsp" -I../FATFS/Target -I../FATFS/App -I../Middlewares/Third_Party/FatFs/src -O0 -ffunction-sections -fdata-sections -Wall -fstack-usage -fcyclomatic-complexity -MMD -MP -MF"FATFS/Target/fatfs_platform.d" -MT"FATFS/Target/fatfs_platform.o" --specs=nano.specs -mfpu=fpv4-sp-d16 -mfloat-abi=hard -mthumb -o "FATFS/Target/fatfs_platform.o"
arm-none-eabi-gcc "../FATFS/Target/sd_diskio.c" -mcpu=cortex-m4 -std=gnu11 -g3 -DDEBUG -DUSE_HAL_DRIVER -DSTM32F407xx -c -I../Core/Inc -I../Drivers/STM32F4xx_HAL_Driver/Inc -I../Drivers/STM32F4xx_HAL_Driver/Inc/Legacy -I../Drivers/CMSIS/Device/ST/STM32F4xx/Include -I../Drivers/CMSIS/Include -I"C:/programing/Embedded/projects_stm32/RTOS_workspace/common/ThirdParty/FreeRTOS/include" -I"C:/programing/Embedded/projects_stm32/RTOS_workspace/common/ThirdParty/FreeRTOS/portable/GCC/ARM_CM4F" -I"C:/programing/Embedded/projects_stm32/RTOS_workspace/common/ThirdParty/SEGGER/Config" -I"C:/programing/Embedded/projects_stm32/RTOS_workspace/common/ThirdParty/SEGGER/OS" -I"C:/programing/Embedded/projects_stm32/RTOS_workspace/common/ThirdParty/SEGGER/SEGGER" -I"C:/programing/Embedded/projects_stm32/MeteoStation/MeteoStation/Drivers/bsp" -I../FATFS/Target -I../FATFS/App -I../Middlewares/Third_Party/FatFs/src -O0 -ffunction-sections -fdata-sections -Wall -fstack-usage -fcyclomatic-complexity -MMD -MP -MF"FATFS/Target/sd_diskio.d" -MT"FATFS/Target/sd_diskio.o" --specs=nano.specs -mfpu=fpv4-sp-d16 -mfloat-abi=hard -mthumb -o "FATFS/Target/sd_diskio.o"
arm-none-eabi-gcc "../FATFS/App/fatfs.c" -mcpu=cortex-m4 -std=gnu11 -g3 -DDEBUG -DUSE_HAL_DRIVER -DSTM32F407xx -c -I../Core/Inc -I../Drivers/STM32F4xx_HAL_Driver/Inc -I../Drivers/STM32F4xx_HAL_Driver/Inc/Legacy -I../Drivers/CMSIS/Device/ST/STM32F4xx/Include -I../Drivers/CMSIS/Include -I"C:/programing/Embedded/projects_stm32/RTOS_workspace/common/ThirdParty/FreeRTOS/include" -I"C:/programing/Embedded/projects_stm32/RTOS_workspace/common/ThirdParty/FreeRTOS/portable/GCC/ARM_CM4F" -I"C:/programing/Embedded/projects_stm32/RTOS_workspace/common/ThirdParty/SEGGER/Config" -I"C:/programing/Embedded/projects_stm32/RTOS_workspace/common/ThirdParty/SEGGER/OS" -I"C:/programing/Embedded/projects_stm32/RTOS_workspace/common/ThirdParty/SEGGER/SEGGER" -I"C:/programing/Embedded/projects_stm32/MeteoStation/MeteoStation/Drivers/bsp" -I../FATFS/Target -I../FATFS/App -I../Middlewares/Third_Party/FatFs/src -O0 -ffunction-sections -fdata-sections -Wall -fstack-usage -fcyclomatic-complexity -MMD -MP -MF"FATFS/App/fatfs.d" -MT"FATFS/App/fatfs.o" --specs=nano.specs -mfpu=fpv4-sp-d16 -mfloat-abi=hard -mthumb -o "FATFS/App/fatfs.o"
arm-none-eabi-gcc "../Drivers/bsp/bme280.c" -mcpu=cortex-m4 -std=gnu11 -g3 -DDEBUG -DUSE_HAL_DRIVER -DSTM32F407xx -c -I../Core/Inc -I../Drivers/STM32F4xx_HAL_Driver/Inc -I../Drivers/STM32F4xx_HAL_Driver/Inc/Legacy -I../Drivers/CMSIS/Device/ST/STM32F4xx/Include -I../Drivers/CMSIS/Include -I"C:/programing/Embedded/projects_stm32/RTOS_workspace/common/ThirdParty/FreeRTOS/include" -I"C:/programing/Embedded/projects_stm32/RTOS_workspace/common/ThirdParty/FreeRTOS/portable/GCC/ARM_CM4F" -I"C:/programing/Embedded/projects_stm32/RTOS_workspace/common/ThirdParty/SEGGER/Config" -I"C:/programing/Embedded/projects_stm32/RTOS_workspace/common/ThirdParty/SEGGER/OS" -I"C:/programing/Embedded/projects_stm32/RTOS_workspace/common/ThirdParty/SEGGER/SEGGER" -I"C:/programing/Embedded/projects_stm32/MeteoStation/MeteoStation/Drivers/bsp" -I../FATFS/Target -I../FATFS/App -I../Middlewares/Third_Party/FatFs/src -O0 -ffunction-sections -fdata-sections -Wall -fstack-usage -fcyclomatic-complexity -MMD -MP -MF"Drivers/bsp/bme280.d" -MT"Drivers/bsp/bme280.o" --specs=nano.specs -mfpu=fpv4-sp-d16 -mfloat-abi=hard -mthumb -o "Drivers/bsp/bme280.o"
arm-none-eabi-gcc "../Drivers/bsp/ds1307.c" -mcpu=cortex-m4 -std=gnu11 -g3 -DDEBUG -DUSE_HAL_DRIVER -DSTM32F407xx -c -I../Core/Inc -I../Drivers/STM32F4xx_HAL_Driver/Inc -I../Drivers/STM32F4xx_HAL_Driver/Inc/Legacy -I../Drivers/CMSIS/Device/ST/STM32F4xx/Include -I../Drivers/CMSIS/Include -I"C:/programing/Embedded/projects_stm32/RTOS_workspace/common/ThirdParty/FreeRTOS/include" -I"C:/programing/Embedded/projects_stm32/RTOS_workspace/common/ThirdParty/FreeRTOS/portable/GCC/ARM_CM4F" -I"C:/programing/Embedded/projects_stm32/RTOS_workspace/common/ThirdParty/SEGGER/Config" -I"C:/programing/Embedded/projects_stm32/RTOS_workspace/common/ThirdParty/SEGGER/OS" -I"C:/programing/Embedded/projects_stm32/RTOS_workspace/common/ThirdParty/SEGGER/SEGGER" -I"C:/programing/Embedded/projects_stm32/MeteoStation/MeteoStation/Drivers/bsp" -I../FATFS/Target -I../FATFS/App -I../Middlewares/Third_Party/FatFs/src -O0 -ffunction-sections -fdata-sections -Wall -fstack-usage -fcyclomatic-complexity -MMD -MP -MF"Drivers/bsp/ds1307.d" -MT"Drivers/bsp/ds1307.o" --specs=nano.specs -mfpu=fpv4-sp-d16 -mfloat-abi=hard -mthumb -o "Drivers/bsp/ds1307.o"
arm-none-eabi-gcc "../Drivers/bsp/lcd.c" -mcpu=cortex-m4 -std=gnu11 -g3 -DDEBUG -DUSE_HAL_DRIVER -DSTM32F407xx -c -I../Core/Inc -I../Drivers/STM32F4xx_HAL_Driver/Inc -I../Drivers/STM32F4xx_HAL_Driver/Inc/Legacy -I../Drivers/CMSIS/Device/ST/STM32F4xx/Include -I../Drivers/CMSIS/Include -I"C:/programing/Embedded/projects_stm32/RTOS_workspace/common/ThirdParty/FreeRTOS/include" -I"C:/programing/Embedded/projects_stm32/RTOS_workspace/common/ThirdParty/FreeRTOS/portable/GCC/ARM_CM4F" -I"C:/programing/Embedded/projects_stm32/RTOS_workspace/common/ThirdParty/SEGGER/Config" -I"C:/programing/Embedded/projects_stm32/RTOS_workspace/common/ThirdParty/SEGGER/OS" -I"C:/programing/Embedded/projects_stm32/RTOS_workspace/common/ThirdParty/SEGGER/SEGGER" -I"C:/programing/Embedded/projects_stm32/MeteoStation/MeteoStation/Drivers/bsp" -I../FATFS/Target -I../FATFS/App -I../Middlewares/Third_Party/FatFs/src -O0 -ffunction-sections -fdata-sections -Wall -fstack-usage -fcyclomatic-complexity -MMD -MP -MF"Drivers/bsp/lcd.d" -MT"Drivers/bsp/lcd.o" --specs=nano.specs -mfpu=fpv4-sp-d16 -mfloat-abi=hard -mthumb -o "Drivers/bsp/lcd.o"
arm-none-eabi-gcc "../Drivers/STM32F4xx_HAL_Driver/Src/stm32f4xx_hal.c" -mcpu=cortex-m4 -std=gnu11 -g3 -DDEBUG -DUSE_HAL_DRIVER -DSTM32F407xx -c -I../Core/Inc -I../Drivers/STM32F4xx_HAL_Driver/Inc -I../Drivers/STM32F4xx_HAL_Driver/Inc/Legacy -I../Drivers/CMSIS/Device/ST/STM32F4xx/Include -I../Drivers/CMSIS/Include -I"C:/programing/Embedded/projects_stm32/RTOS_workspace/common/ThirdParty/FreeRTOS/include" -I"C:/programing/Embedded/projects_stm32/RTOS_workspace/common/ThirdParty/FreeRTOS/portable/GCC/ARM_CM4F" -I"C:/programing/Embedded/projects_stm32/RTOS_workspace/common/ThirdParty/SEGGER/Config" -I"C:/programing/Embedded/projects_stm32/RTOS_workspace/common/ThirdParty/SEGGER/OS" -I"C:/programing/Embedded/projects_stm32/RTOS_workspace/common/ThirdParty/SEGGER/SEGGER" -I"C:/programing/Embedded/projects_stm32/MeteoStation/MeteoStation/Drivers/bsp" -I../FATFS/Target -I../FATFS/App -I../Middlewares/Third_Party/FatFs/src -O0 -ffunction-sections -fdata-sections -Wall -fstack-usage -fcyclomatic-complexity -MMD -MP -MF"Drivers/STM32F4xx_HAL_Driver/Src/stm32f4xx_hal.d" -MT"Drivers/STM32F4xx_HAL_Driver/Src/stm32f4xx_hal.o" --specs=nano.specs -mfpu=fpv4-sp-d16 -mfloat-abi=hard -mthumb -o "Drivers/STM32F4xx_HAL_Driver/Src/stm32f4xx_hal.o"
arm-none-eabi-gcc "../Drivers/STM32F4xx_HAL_Driver/Src/stm32f4xx_hal_cortex.c" -mcpu=cortex-m4 -std=gnu11 -g3 -DDEBUG -DUSE_HAL_DRIVER -DSTM32F407xx -c -I../Core/Inc -I../Drivers/STM32F4xx_HAL_Driver/Inc -I../Drivers/STM32F4xx_HAL_Driver/Inc/Legacy -I../Drivers/CMSIS/Device/ST/STM32F4xx/Include -I../Drivers/CMSIS/Include -I"C:/programing/Embedded/projects_stm32/RTOS_workspace/common/ThirdParty/FreeRTOS/include" -I"C:/programing/Embedded/projects_stm32/RTOS_workspace/common/ThirdParty/FreeRTOS/portable/GCC/ARM_CM4F" -I"C:/programing/Embedded/projects_stm32/RTOS_workspace/common/ThirdParty/SEGGER/Config" -I"C:/programing/Embedded/projects_stm32/RTOS_workspace/common/ThirdParty/SEGGER/OS" -I"C:/programing/Embedded/projects_stm32/RTOS_workspace/common/ThirdParty/SEGGER/SEGGER" -I"C:/programing/Embedded/projects_stm32/MeteoStation/MeteoStation/Drivers/bsp" -I../FATFS/Target -I../FATFS/App -I../Middlewares/Third_Party/FatFs/src -O0 -ffunction-sections -fdata-sections -Wall -fstack-usage -fcyclomatic-complexity -MMD -MP -MF"Drivers/STM32F4xx_HAL_Driver/Src/stm32f4xx_hal_cortex.d" -MT"Drivers/STM32F4xx_HAL_Driver/Src/stm32f4xx_hal_cortex.o" --specs=nano.specs -mfpu=fpv4-sp-d16 -mfloat-abi=hard -mthumb -o "Drivers/STM32F4xx_HAL_Driver/Src/stm32f4xx_hal_cortex.o"
arm-none-eabi-gcc "../Drivers/STM32F4xx_HAL_Driver/Src/stm32f4xx_hal_dma.c" -mcpu=cortex-m4 -std=gnu11 -g3 -DDEBUG -DUSE_HAL_DRIVER -DSTM32F407xx -c -I../Core/Inc -I../Drivers/STM32F4xx_HAL_Driver/Inc -I../Drivers/STM32F4xx_HAL_Driver/Inc/Legacy -I../Drivers/CMSIS/Device/ST/STM32F4xx/Include -I../Drivers/CMSIS/Include -I"C:/programing/Embedded/projects_stm32/RTOS_workspace/common/ThirdParty/FreeRTOS/include" -I"C:/programing/Embedded/projects_stm32/RTOS_workspace/common/ThirdParty/FreeRTOS/portable/GCC/ARM_CM4F" -I"C:/programing/Embedded/projects_stm32/RTOS_workspace/common/ThirdParty/SEGGER/Config" -I"C:/programing/Embedded/projects_stm32/RTOS_workspace/common/ThirdParty/SEGGER/OS" -I"C:/programing/Embedded/projects_stm32/RTOS_workspace/common/ThirdParty/SEGGER/SEGGER" -I"C:/programing/Embedded/projects_stm32/MeteoStation/MeteoStation/Drivers/bsp" -I../FATFS/Target -I../FATFS/App -I../Middlewares/Third_Party/FatFs/src -O0 -ffunction-sections -fdata-sections -Wall -fstack-usage -fcyclomatic-complexity -MMD -MP -MF"Drivers/STM32F4xx_HAL_Driver/Src/stm32f4xx_hal_dma.d" -MT"Drivers/STM32F4xx_HAL_Driver/Src/stm32f4xx_hal_dma.o" --specs=nano.specs -mfpu=fpv4-sp-d16 -mfloat-abi=hard -mthumb -o "Drivers/STM32F4xx_HAL_Driver/Src/stm32f4xx_hal_dma.o"
arm-none-eabi-gcc "../Drivers/STM32F4xx_HAL_Driver/Src/stm32f4xx_hal_dma_ex.c" -mcpu=cortex-m4 -std=gnu11 -g3 -DDEBUG -DUSE_HAL_DRIVER -DSTM32F407xx -c -I../Core/Inc -I../Drivers/STM32F4xx_HAL_Driver/Inc -I../Drivers/STM32F4xx_HAL_Driver/Inc/Legacy -I../Drivers/CMSIS/Device/ST/STM32F4xx/Include -I../Drivers/CMSIS/Include -I"C:/programing/Embedded/projects_stm32/RTOS_workspace/common/ThirdParty/FreeRTOS/include" -I"C:/programing/Embedded/projects_stm32/RTOS_workspace/common/ThirdParty/FreeRTOS/portable/GCC/ARM_CM4F" -I"C:/programing/Embedded/projects_stm32/RTOS_workspace/common/ThirdParty/SEGGER/Config" -I"C:/programing/Embedded/projects_stm32/RTOS_workspace/common/ThirdParty/SEGGER/OS" -I"C:/programing/Embedded/projects_stm32/RTOS_workspace/common/ThirdParty/SEGGER/SEGGER" -I"C:/programing/Embedded/projects_stm32/MeteoStation/MeteoStation/Drivers/bsp" -I../FATFS/Target -I../FATFS/App -I../Middlewares/Third_Party/FatFs/src -O0 -ffunction-sections -fdata-sections -Wall -fstack-usage -fcyclomatic-complexity -MMD -MP -MF"Drivers/STM32F4xx_HAL_Driver/Src/stm32f4xx_hal_dma_ex.d" -MT"Drivers/STM32F4xx_HAL_Driver/Src/stm32f4xx_hal_dma_ex.o" --specs=nano.specs -mfpu=fpv4-sp-d16 -mfloat-abi=hard -mthumb -o "Drivers/STM32F4xx_HAL_Driver/Src/stm32f4xx_hal_dma_ex.o"
../Middlewares/Third_Party/FatFs/src/ff.c: In function 'f_setlabel':
../Middlewares/Third_Party/FatFs/src/ff.c:5032:9: warning: this 'for' clause does not guard... [-Wmisleading-indentation]
 5032 |         for (slen = 0; (UINT)label[slen] >= ' '; slen++) ;      /* Get name length */
      |         ^~~
../Middlewares/Third_Party/FatFs/src/ff.c:5052:9: note: ...this statement, but the latter is misleadingly indented as if it were guarded by the 'for'
 5052 |         {       /* On the FAT12/16/32 volume */
      |         ^
arm-none-eabi-gcc "../Drivers/STM32F4xx_HAL_Driver/Src/stm32f4xx_hal_exti.c" -mcpu=cortex-m4 -std=gnu11 -g3 -DDEBUG -DUSE_HAL_DRIVER -DSTM32F407xx -c -I../Core/Inc -I../Drivers/STM32F4xx_HAL_Driver/Inc -I../Drivers/STM32F4xx_HAL_Driver/Inc/Legacy -I../Drivers/CMSIS/Device/ST/STM32F4xx/Include -I../Drivers/CMSIS/Include -I"C:/programing/Embedded/projects_stm32/RTOS_workspace/common/ThirdParty/FreeRTOS/include" -I"C:/programing/Embedded/projects_stm32/RTOS_workspace/common/ThirdParty/FreeRTOS/portable/GCC/ARM_CM4F" -I"C:/programing/Embedded/projects_stm32/RTOS_workspace/common/ThirdParty/SEGGER/Config" -I"C:/programing/Embedded/projects_stm32/RTOS_workspace/common/ThirdParty/SEGGER/OS" -I"C:/programing/Embedded/projects_stm32/RTOS_workspace/common/ThirdParty/SEGGER/SEGGER" -I"C:/programing/Embedded/projects_stm32/MeteoStation/MeteoStation/Drivers/bsp" -I../FATFS/Target -I../FATFS/App -I../Middlewares/Third_Party/FatFs/src -O0 -ffunction-sections -fdata-sections -Wall -fstack-usage -fcyclomatic-complexity -MMD -MP -MF"Drivers/STM32F4xx_HAL_Driver/Src/stm32f4xx_hal_exti.d" -MT"Drivers/STM32F4xx_HAL_Driver/Src/stm32f4xx_hal_exti.o" --specs=nano.specs -mfpu=fpv4-sp-d16 -mfloat-abi=hard -mthumb -o "Drivers/STM32F4xx_HAL_Driver/Src/stm32f4xx_hal_exti.o"
arm-none-eabi-gcc "../Drivers/STM32F4xx_HAL_Driver/Src/stm32f4xx_hal_flash.c" -mcpu=cortex-m4 -std=gnu11 -g3 -DDEBUG -DUSE_HAL_DRIVER -DSTM32F407xx -c -I../Core/Inc -I../Drivers/STM32F4xx_HAL_Driver/Inc -I../Drivers/STM32F4xx_HAL_Driver/Inc/Legacy -I../Drivers/CMSIS/Device/ST/STM32F4xx/Include -I../Drivers/CMSIS/Include -I"C:/programing/Embedded/projects_stm32/RTOS_workspace/common/ThirdParty/FreeRTOS/include" -I"C:/programing/Embedded/projects_stm32/RTOS_workspace/common/ThirdParty/FreeRTOS/portable/GCC/ARM_CM4F" -I"C:/programing/Embedded/projects_stm32/RTOS_workspace/common/ThirdParty/SEGGER/Config" -I"C:/programing/Embedded/projects_stm32/RTOS_workspace/common/ThirdParty/SEGGER/OS" -I"C:/programing/Embedded/projects_stm32/RTOS_workspace/common/ThirdParty/SEGGER/SEGGER" -I"C:/programing/Embedded/projects_stm32/MeteoStation/MeteoStation/Drivers/bsp" -I../FATFS/Target -I../FATFS/App -I../Middlewares/Third_Party/FatFs/src -O0 -ffunction-sections -fdata-sections -Wall -fstack-usage -fcyclomatic-complexity -MMD -MP -MF"Drivers/STM32F4xx_HAL_Driver/Src/stm32f4xx_hal_flash.d" -MT"Drivers/STM32F4xx_HAL_Driver/Src/stm32f4xx_hal_flash.o" --specs=nano.specs -mfpu=fpv4-sp-d16 -mfloat-abi=hard -mthumb -o "Drivers/STM32F4xx_HAL_Driver/Src/stm32f4xx_hal_flash.o"
arm-none-eabi-gcc "../Drivers/STM32F4xx_HAL_Driver/Src/stm32f4xx_hal_flash_ex.c" -mcpu=cortex-m4 -std=gnu11 -g3 -DDEBUG -DUSE_HAL_DRIVER -DSTM32F407xx -c -I../Core/Inc -I../Drivers/STM32F4xx_HAL_Driver/Inc -I../Drivers/STM32F4xx_HAL_Driver/Inc/Legacy -I../Drivers/CMSIS/Device/ST/STM32F4xx/Include -I../Drivers/CMSIS/Include -I"C:/programing/Embedded/projects_stm32/RTOS_workspace/common/ThirdParty/FreeRTOS/include" -I"C:/programing/Embedded/projects_stm32/RTOS_workspace/common/ThirdParty/FreeRTOS/portable/GCC/ARM_CM4F" -I"C:/programing/Embedded/projects_stm32/RTOS_workspace/common/ThirdParty/SEGGER/Config" -I"C:/programing/Embedded/projects_stm32/RTOS_workspace/common/ThirdParty/SEGGER/OS" -I"C:/programing/Embedded/projects_stm32/RTOS_workspace/common/ThirdParty/SEGGER/SEGGER" -I"C:/programing/Embedded/projects_stm32/MeteoStation/MeteoStation/Drivers/bsp" -I../FATFS/Target -I../FATFS/App -I../Middlewares/Third_Party/FatFs/src -O0 -ffunction-sections -fdata-sections -Wall -fstack-usage -fcyclomatic-complexity -MMD -MP -MF"Drivers/STM32F4xx_HAL_Driver/Src/stm32f4xx_hal_flash_ex.d" -MT"Drivers/STM32F4xx_HAL_Driver/Src/stm32f4xx_hal_flash_ex.o" --specs=nano.specs -mfpu=fpv4-sp-d16 -mfloat-abi=hard -mthumb -o "Drivers/STM32F4xx_HAL_Driver/Src/stm32f4xx_hal_flash_ex.o"
arm-none-eabi-gcc "../Drivers/STM32F4xx_HAL_Driver/Src/stm32f4xx_hal_flash_ramfunc.c" -mcpu=cortex-m4 -std=gnu11 -g3 -DDEBUG -DUSE_HAL_DRIVER -DSTM32F407xx -c -I../Core/Inc -I../Drivers/STM32F4xx_HAL_Driver/Inc -I../Drivers/STM32F4xx_HAL_Driver/Inc/Legacy -I../Drivers/CMSIS/Device/ST/STM32F4xx/Include -I../Drivers/CMSIS/Include -I"C:/programing/Embedded/projects_stm32/RTOS_workspace/common/ThirdParty/FreeRTOS/include" -I"C:/programing/Embedded/projects_stm32/RTOS_workspace/common/ThirdParty/FreeRTOS/portable/GCC/ARM_CM4F" -I"C:/programing/Embedded/projects_stm32/RTOS_workspace/common/ThirdParty/SEGGER/Config" -I"C:/programing/Embedded/projects_stm32/RTOS_workspace/common/ThirdParty/SEGGER/OS" -I"C:/programing/Embedded/projects_stm32/RTOS_workspace/common/ThirdParty/SEGGER/SEGGER" -I"C:/programing/Embedded/projects_stm32/MeteoStation/MeteoStation/Drivers/bsp" -I../FATFS/Target -I../FATFS/App -I../Middlewares/Third_Party/FatFs/src -O0 -ffunction-sections -fdata-sections -Wall -fstack-usage -fcyclomatic-complexity -MMD -MP -MF"Drivers/STM32F4xx_HAL_Driver/Src/stm32f4xx_hal_flash_ramfunc.d" -MT"Drivers/STM32F4xx_HAL_Driver/Src/stm32f4xx_hal_flash_ramfunc.o" --specs=nano.specs -mfpu=fpv4-sp-d16 -mfloat-abi=hard -mthumb -o "Drivers/STM32F4xx_HAL_Driver/Src/stm32f4xx_hal_flash_ramfunc.o"
arm-none-eabi-gcc "../Drivers/STM32F4xx_HAL_Driver/Src/stm32f4xx_hal_gpio.c" -mcpu=cortex-m4 -std=gnu11 -g3 -DDEBUG -DUSE_HAL_DRIVER -DSTM32F407xx -c -I../Core/Inc -I../Drivers/STM32F4xx_HAL_Driver/Inc -I../Drivers/STM32F4xx_HAL_Driver/Inc/Legacy -I../Drivers/CMSIS/Device/ST/STM32F4xx/Include -I../Drivers/CMSIS/Include -I"C:/programing/Embedded/projects_stm32/RTOS_workspace/common/ThirdParty/FreeRTOS/include" -I"C:/programing/Embedded/projects_stm32/RTOS_workspace/common/ThirdParty/FreeRTOS/portable/GCC/ARM_CM4F" -I"C:/programing/Embedded/projects_stm32/RTOS_workspace/common/ThirdParty/SEGGER/Config" -I"C:/programing/Embedded/projects_stm32/RTOS_workspace/common/ThirdParty/SEGGER/OS" -I"C:/programing/Embedded/projects_stm32/RTOS_workspace/common/ThirdParty/SEGGER/SEGGER" -I"C:/programing/Embedded/projects_stm32/MeteoStation/MeteoStation/Drivers/bsp" -I../FATFS/Target -I../FATFS/App -I../Middlewares/Third_Party/FatFs/src -O0 -ffunction-sections -fdata-sections -Wall -fstack-usage -fcyclomatic-complexity -MMD -MP -MF"Drivers/STM32F4xx_HAL_Driver/Src/stm32f4xx_hal_gpio.d" -MT"Drivers/STM32F4xx_HAL_Driver/Src/stm32f4xx_hal_gpio.o" --specs=nano.specs -mfpu=fpv4-sp-d16 -mfloat-abi=hard -mthumb -o "Drivers/STM32F4xx_HAL_Driver/Src/stm32f4xx_hal_gpio.o"
arm-none-eabi-gcc "../Drivers/STM32F4xx_HAL_Driver/Src/stm32f4xx_hal_i2c.c" -mcpu=cortex-m4 -std=gnu11 -g3 -DDEBUG -DUSE_HAL_DRIVER -DSTM32F407xx -c -I../Core/Inc -I../Drivers/STM32F4xx_HAL_Driver/Inc -I../Drivers/STM32F4xx_HAL_Driver/Inc/Legacy -I../Drivers/CMSIS/Device/ST/STM32F4xx/Include -I../Drivers/CMSIS/Include -I"C:/programing/Embedded/projects_stm32/RTOS_workspace/common/ThirdParty/FreeRTOS/include" -I"C:/programing/Embedded/projects_stm32/RTOS_workspace/common/ThirdParty/FreeRTOS/portable/GCC/ARM_CM4F" -I"C:/programing/Embedded/projects_stm32/RTOS_workspace/common/ThirdParty/SEGGER/Config" -I"C:/programing/Embedded/projects_stm32/RTOS_workspace/common/ThirdParty/SEGGER/OS" -I"C:/programing/Embedded/projects_stm32/RTOS_workspace/common/ThirdParty/SEGGER/SEGGER" -I"C:/programing/Embedded/projects_stm32/MeteoStation/MeteoStation/Drivers/bsp" -I../FATFS/Target -I../FATFS/App -I../Middlewares/Third_Party/FatFs/src -O0 -ffunction-sections -fdata-sections -Wall -fstack-usage -fcyclomatic-complexity -MMD -MP -MF"Drivers/STM32F4xx_HAL_Driver/Src/stm32f4xx_hal_i2c.d" -MT"Drivers/STM32F4xx_HAL_Driver/Src/stm32f4xx_hal_i2c.o" --specs=nano.specs -mfpu=fpv4-sp-d16 -mfloat-abi=hard -mthumb -o "Drivers/STM32F4xx_HAL_Driver/Src/stm32f4xx_hal_i2c.o"
arm-none-eabi-gcc "../Drivers/STM32F4xx_HAL_Driver/Src/stm32f4xx_hal_i2c_ex.c" -mcpu=cortex-m4 -std=gnu11 -g3 -DDEBUG -DUSE_HAL_DRIVER -DSTM32F407xx -c -I../Core/Inc -I../Drivers/STM32F4xx_HAL_Driver/Inc -I../Drivers/STM32F4xx_HAL_Driver/Inc/Legacy -I../Drivers/CMSIS/Device/ST/STM32F4xx/Include -I../Drivers/CMSIS/Include -I"C:/programing/Embedded/projects_stm32/RTOS_workspace/common/ThirdParty/FreeRTOS/include" -I"C:/programing/Embedded/projects_stm32/RTOS_workspace/common/ThirdParty/FreeRTOS/portable/GCC/ARM_CM4F" -I"C:/programing/Embedded/projects_stm32/RTOS_workspace/common/ThirdParty/SEGGER/Config" -I"C:/programing/Embedded/projects_stm32/RTOS_workspace/common/ThirdParty/SEGGER/OS" -I"C:/programing/Embedded/projects_stm32/RTOS_workspace/common/ThirdParty/SEGGER/SEGGER" -I"C:/programing/Embedded/projects_stm32/MeteoStation/MeteoStation/Drivers/bsp" -I../FATFS/Target -I../FATFS/App -I../Middlewares/Third_Party/FatFs/src -O0 -ffunction-sections -fdata-sections -Wall -fstack-usage -fcyclomatic-complexity -MMD -MP -MF"Drivers/STM32F4xx_HAL_Driver/Src/stm32f4xx_hal_i2c_ex.d" -MT"Drivers/STM32F4xx_HAL_Driver/Src/stm32f4xx_hal_i2c_ex.o" --specs=nano.specs -mfpu=fpv4-sp-d16 -mfloat-abi=hard -mthumb -o "Drivers/STM32F4xx_HAL_Driver/Src/stm32f4xx_hal_i2c_ex.o"
arm-none-eabi-gcc "../Drivers/STM32F4xx_HAL_Driver/Src/stm32f4xx_hal_pwr.c" -mcpu=cortex-m4 -std=gnu11 -g3 -DDEBUG -DUSE_HAL_DRIVER -DSTM32F407xx -c -I../Core/Inc -I../Drivers/STM32F4xx_HAL_Driver/Inc -I../Drivers/STM32F4xx_HAL_Driver/Inc/Legacy -I../Drivers/CMSIS/Device/ST/STM32F4xx/Include -I../Drivers/CMSIS/Include -I"C:/programing/Embedded/projects_stm32/RTOS_workspace/common/ThirdParty/FreeRTOS/include" -I"C:/programing/Embedded/projects_stm32/RTOS_workspace/common/ThirdParty/FreeRTOS/portable/GCC/ARM_CM4F" -I"C:/programing/Embedded/projects_stm32/RTOS_workspace/common/ThirdParty/SEGGER/Config" -I"C:/programing/Embedded/projects_stm32/RTOS_workspace/common/ThirdParty/SEGGER/OS" -I"C:/programing/Embedded/projects_stm32/RTOS_workspace/common/ThirdParty/SEGGER/SEGGER" -I"C:/programing/Embedded/projects_stm32/MeteoStation/MeteoStation/Drivers/bsp" -I../FATFS/Target -I../FATFS/App -I../Middlewares/Third_Party/FatFs/src -O0 -ffunction-sections -fdata-sections -Wall -fstack-usage -fcyclomatic-complexity -MMD -MP -MF"Drivers/STM32F4xx_HAL_Driver/Src/stm32f4xx_hal_pwr.d" -MT"Drivers/STM32F4xx_HAL_Driver/Src/stm32f4xx_hal_pwr.o" --specs=nano.specs -mfpu=fpv4-sp-d16 -mfloat-abi=hard -mthumb -o "Drivers/STM32F4xx_HAL_Driver/Src/stm32f4xx_hal_pwr.o"
arm-none-eabi-gcc "../Drivers/STM32F4xx_HAL_Driver/Src/stm32f4xx_hal_pwr_ex.c" -mcpu=cortex-m4 -std=gnu11 -g3 -DDEBUG -DUSE_HAL_DRIVER -DSTM32F407xx -c -I../Core/Inc -I../Drivers/STM32F4xx_HAL_Driver/Inc -I../Drivers/STM32F4xx_HAL_Driver/Inc/Legacy -I../Drivers/CMSIS/Device/ST/STM32F4xx/Include -I../Drivers/CMSIS/Include -I"C:/programing/Embedded/projects_stm32/RTOS_workspace/common/ThirdParty/FreeRTOS/include" -I"C:/programing/Embedded/projects_stm32/RTOS_workspace/common/ThirdParty/FreeRTOS/portable/GCC/ARM_CM4F" -I"C:/programing/Embedded/projects_stm32/RTOS_workspace/common/ThirdParty/SEGGER/Config" -I"C:/programing/Embedded/projects_stm32/RTOS_workspace/common/ThirdParty/SEGGER/OS" -I"C:/programing/Embedded/projects_stm32/RTOS_workspace/common/ThirdParty/SEGGER/SEGGER" -I"C:/programing/Embedded/projects_stm32/MeteoStation/MeteoStation/Drivers/bsp" -I../FATFS/Target -I../FATFS/App -I../Middlewares/Third_Party/FatFs/src -O0 -ffunction-sections -fdata-sections -Wall -fstack-usage -fcyclomatic-complexity -MMD -MP -MF"Drivers/STM32F4xx_HAL_Driver/Src/stm32f4xx_hal_pwr_ex.d" -MT"Drivers/STM32F4xx_HAL_Driver/Src/stm32f4xx_hal_pwr_ex.o" --specs=nano.specs -mfpu=fpv4-sp-d16 -mfloat-abi=hard -mthumb -o "Drivers/STM32F4xx_HAL_Driver/Src/stm32f4xx_hal_pwr_ex.o"
arm-none-eabi-gcc "../Drivers/STM32F4xx_HAL_Driver/Src/stm32f4xx_hal_rcc.c" -mcpu=cortex-m4 -std=gnu11 -g3 -DDEBUG -DUSE_HAL_DRIVER -DSTM32F407xx -c -I../Core/Inc -I../Drivers/STM32F4xx_HAL_Driver/Inc -I../Drivers/STM32F4xx_HAL_Driver/Inc/Legacy -I../Drivers/CMSIS/Device/ST/STM32F4xx/Include -I../Drivers/CMSIS/Include -I"C:/programing/Embedded/projects_stm32/RTOS_workspace/common/ThirdParty/FreeRTOS/include" -I"C:/programing/Embedded/projects_stm32/RTOS_workspace/common/ThirdParty/FreeRTOS/portable/GCC/ARM_CM4F" -I"C:/programing/Embedded/projects_stm32/RTOS_workspace/common/ThirdParty/SEGGER/Config" -I"C:/programing/Embedded/projects_stm32/RTOS_workspace/common/ThirdParty/SEGGER/OS" -I"C:/programing/Embedded/projects_stm32/RTOS_workspace/common/ThirdParty/SEGGER/SEGGER" -I"C:/programing/Embedded/projects_stm32/MeteoStation/MeteoStation/Drivers/bsp" -I../FATFS/Target -I../FATFS/App -I../Middlewares/Third_Party/FatFs/src -O0 -ffunction-sections -fdata-sections -Wall -fstack-usage -fcyclomatic-complexity -MMD -MP -MF"Drivers/STM32F4xx_HAL_Driver/Src/stm32f4xx_hal_rcc.d" -MT"Drivers/STM32F4xx_HAL_Driver/Src/stm32f4xx_hal_rcc.o" --specs=nano.specs -mfpu=fpv4-sp-d16 -mfloat-abi=hard -mthumb -o "Drivers/STM32F4xx_HAL_Driver/Src/stm32f4xx_hal_rcc.o"
arm-none-eabi-gcc "../Drivers/STM32F4xx_HAL_Driver/Src/stm32f4xx_hal_rcc_ex.c" -mcpu=cortex-m4 -std=gnu11 -g3 -DDEBUG -DUSE_HAL_DRIVER -DSTM32F407xx -c -I../Core/Inc -I../Drivers/STM32F4xx_HAL_Driver/Inc -I../Drivers/STM32F4xx_HAL_Driver/Inc/Legacy -I../Drivers/CMSIS/Device/ST/STM32F4xx/Include -I../Drivers/CMSIS/Include -I"C:/programing/Embedded/projects_stm32/RTOS_workspace/common/ThirdParty/FreeRTOS/include" -I"C:/programing/Embedded/projects_stm32/RTOS_workspace/common/ThirdParty/FreeRTOS/portable/GCC/ARM_CM4F" -I"C:/programing/Embedded/projects_stm32/RTOS_workspace/common/ThirdParty/SEGGER/Config" -I"C:/programing/Embedded/projects_stm32/RTOS_workspace/common/ThirdParty/SEGGER/OS" -I"C:/programing/Embedded/projects_stm32/RTOS_workspace/common/ThirdParty/SEGGER/SEGGER" -I"C:/programing/Embedded/projects_stm32/MeteoStation/MeteoStation/Drivers/bsp" -I../FATFS/Target -I../FATFS/App -I../Middlewares/Third_Party/FatFs/src -O0 -ffunction-sections -fdata-sections -Wall -fstack-usage -fcyclomatic-complexity -MMD -MP -MF"Drivers/STM32F4xx_HAL_Driver/Src/stm32f4xx_hal_rcc_ex.d" -MT"Drivers/STM32F4xx_HAL_Driver/Src/stm32f4xx_hal_rcc_ex.o" --specs=nano.specs -mfpu=fpv4-sp-d16 -mfloat-abi=hard -mthumb -o "Drivers/STM32F4xx_HAL_Driver/Src/stm32f4xx_hal_rcc_ex.o"
arm-none-eabi-gcc "../Drivers/STM32F4xx_HAL_Driver/Src/stm32f4xx_hal_sd.c" -mcpu=cortex-m4 -std=gnu11 -g3 -DDEBUG -DUSE_HAL_DRIVER -DSTM32F407xx -c -I../Core/Inc -I../Drivers/STM32F4xx_HAL_Driver/Inc -I../Drivers/STM32F4xx_HAL_Driver/Inc/Legacy -I../Drivers/CMSIS/Device/ST/STM32F4xx/Include -I../Drivers/CMSIS/Include -I"C:/programing/Embedded/projects_stm32/RTOS_workspace/common/ThirdParty/FreeRTOS/include" -I"C:/programing/Embedded/projects_stm32/RTOS_workspace/common/ThirdParty/FreeRTOS/portable/GCC/ARM_CM4F" -I"C:/programing/Embedded/projects_stm32/RTOS_workspace/common/ThirdParty/SEGGER/Config" -I"C:/programing/Embedded/projects_stm32/RTOS_workspace/common/ThirdParty/SEGGER/OS" -I"C:/programing/Embedded/projects_stm32/RTOS_workspace/common/ThirdParty/SEGGER/SEGGER" -I"C:/programing/Embedded/projects_stm32/MeteoStation/MeteoStation/Drivers/bsp" -I../FATFS/Target -I../FATFS/App -I../Middlewares/Third_Party/FatFs/src -O0 -ffunction-sections -fdata-sections -Wall -fstack-usage -fcyclomatic-complexity -MMD -MP -MF"Drivers/STM32F4xx_HAL_Driver/Src/stm32f4xx_hal_sd.d" -MT"Drivers/STM32F4xx_HAL_Driver/Src/stm32f4xx_hal_sd.o" --specs=nano.specs -mfpu=fpv4-sp-d16 -mfloat-abi=hard -mthumb -o "Drivers/STM32F4xx_HAL_Driver/Src/stm32f4xx_hal_sd.o"
arm-none-eabi-gcc "../Drivers/STM32F4xx_HAL_Driver/Src/stm32f4xx_hal_spi.c" -mcpu=cortex-m4 -std=gnu11 -g3 -DDEBUG -DUSE_HAL_DRIVER -DSTM32F407xx -c -I../Core/Inc -I../Drivers/STM32F4xx_HAL_Driver/Inc -I../Drivers/STM32F4xx_HAL_Driver/Inc/Legacy -I../Drivers/CMSIS/Device/ST/STM32F4xx/Include -I../Drivers/CMSIS/Include -I"C:/programing/Embedded/projects_stm32/RTOS_workspace/common/ThirdParty/FreeRTOS/include" -I"C:/programing/Embedded/projects_stm32/RTOS_workspace/common/ThirdParty/FreeRTOS/portable/GCC/ARM_CM4F" -I"C:/programing/Embedded/projects_stm32/RTOS_workspace/common/ThirdParty/SEGGER/Config" -I"C:/programing/Embedded/projects_stm32/RTOS_workspace/common/ThirdParty/SEGGER/OS" -I"C:/programing/Embedded/projects_stm32/RTOS_workspace/common/ThirdParty/SEGGER/SEGGER" -I"C:/programing/Embedded/projects_stm32/MeteoStation/MeteoStation/Drivers/bsp" -I../FATFS/Target -I../FATFS/App -I../Middlewares/Third_Party/FatFs/src -O0 -ffunction-sections -fdata-sections -Wall -fstack-usage -fcyclomatic-complexity -MMD -MP -MF"Drivers/STM32F4xx_HAL_Driver/Src/stm32f4xx_hal_spi.d" -MT"Drivers/STM32F4xx_HAL_Driver/Src/stm32f4xx_hal_spi.o" --specs=nano.specs -mfpu=fpv4-sp-d16 -mfloat-abi=hard -mthumb -o "Drivers/STM32F4xx_HAL_Driver/Src/stm32f4xx_hal_spi.o"
arm-none-eabi-gcc "../Drivers/STM32F4xx_HAL_Driver/Src/stm32f4xx_hal_tim.c" -mcpu=cortex-m4 -std=gnu11 -g3 -DDEBUG -DUSE_HAL_DRIVER -DSTM32F407xx -c -I../Core/Inc -I../Drivers/STM32F4xx_HAL_Driver/Inc -I../Drivers/STM32F4xx_HAL_Driver/Inc/Legacy -I../Drivers/CMSIS/Device/ST/STM32F4xx/Include -I../Drivers/CMSIS/Include -I"C:/programing/Embedded/projects_stm32/RTOS_workspace/common/ThirdParty/FreeRTOS/include" -I"C:/programing/Embedded/projects_stm32/RTOS_workspace/common/ThirdParty/FreeRTOS/portable/GCC/ARM_CM4F" -I"C:/programing/Embedded/projects_stm32/RTOS_workspace/common/ThirdParty/SEGGER/Config" -I"C:/programing/Embedded/projects_stm32/RTOS_workspace/common/ThirdParty/SEGGER/OS" -I"C:/programing/Embedded/projects_stm32/RTOS_workspace/common/ThirdParty/SEGGER/SEGGER" -I"C:/programing/Embedded/projects_stm32/MeteoStation/MeteoStation/Drivers/bsp" -I../FATFS/Target -I../FATFS/App -I../Middlewares/Third_Party/FatFs/src -O0 -ffunction-sections -fdata-sections -Wall -fstack-usage -fcyclomatic-complexity -MMD -MP -MF"Drivers/STM32F4xx_HAL_Driver/Src/stm32f4xx_hal_tim.d" -MT"Drivers/STM32F4xx_HAL_Driver/Src/stm32f4xx_hal_tim.o" --specs=nano.specs -mfpu=fpv4-sp-d16 -mfloat-abi=hard -mthumb -o "Drivers/STM32F4xx_HAL_Driver/Src/stm32f4xx_hal_tim.o"
arm-none-eabi-gcc "../Drivers/STM32F4xx_HAL_Driver/Src/stm32f4xx_hal_tim_ex.c" -mcpu=cortex-m4 -std=gnu11 -g3 -DDEBUG -DUSE_HAL_DRIVER -DSTM32F407xx -c -I../Core/Inc -I../Drivers/STM32F4xx_HAL_Driver/Inc -I../Drivers/STM32F4xx_HAL_Driver/Inc/Legacy -I../Drivers/CMSIS/Device/ST/STM32F4xx/Include -I../Drivers/CMSIS/Include -I"C:/programing/Embedded/projects_stm32/RTOS_workspace/common/ThirdParty/FreeRTOS/include" -I"C:/programing/Embedded/projects_stm32/RTOS_workspace/common/ThirdParty/FreeRTOS/portable/GCC/ARM_CM4F" -I"C:/programing/Embedded/projects_stm32/RTOS_workspace/common/ThirdParty/SEGGER/Config" -I"C:/programing/Embedded/projects_stm32/RTOS_workspace/common/ThirdParty/SEGGER/OS" -I"C:/programing/Embedded/projects_stm32/RTOS_workspace/common/ThirdParty/SEGGER/SEGGER" -I"C:/programing/Embedded/projects_stm32/MeteoStation/MeteoStation/Drivers/bsp" -I../FATFS/Target -I../FATFS/App -I../Middlewares/Third_Party/FatFs/src -O0 -ffunction-sections -fdata-sections -Wall -fstack-usage -fcyclomatic-complexity -MMD -MP -MF"Drivers/STM32F4xx_HAL_Driver/Src/stm32f4xx_hal_tim_ex.d" -MT"Drivers/STM32F4xx_HAL_Driver/Src/stm32f4xx_hal_tim_ex.o" --specs=nano.specs -mfpu=fpv4-sp-d16 -mfloat-abi=hard -mthumb -o "Drivers/STM32F4xx_HAL_Driver/Src/stm32f4xx_hal_tim_ex.o"
arm-none-eabi-gcc "../Drivers/STM32F4xx_HAL_Driver/Src/stm32f4xx_hal_uart.c" -mcpu=cortex-m4 -std=gnu11 -g3 -DDEBUG -DUSE_HAL_DRIVER -DSTM32F407xx -c -I../Core/Inc -I../Drivers/STM32F4xx_HAL_Driver/Inc -I../Drivers/STM32F4xx_HAL_Driver/Inc/Legacy -I../Drivers/CMSIS/Device/ST/STM32F4xx/Include -I../Drivers/CMSIS/Include -I"C:/programing/Embedded/projects_stm32/RTOS_workspace/common/ThirdParty/FreeRTOS/include" -I"C:/programing/Embedded/projects_stm32/RTOS_workspace/common/ThirdParty/FreeRTOS/portable/GCC/ARM_CM4F" -I"C:/programing/Embedded/projects_stm32/RTOS_workspace/common/ThirdParty/SEGGER/Config" -I"C:/programing/Embedded/projects_stm32/RTOS_workspace/common/ThirdParty/SEGGER/OS" -I"C:/programing/Embedded/projects_stm32/RTOS_workspace/common/ThirdParty/SEGGER/SEGGER" -I"C:/programing/Embedded/projects_stm32/MeteoStation/MeteoStation/Drivers/bsp" -I../FATFS/Target -I../FATFS/App -I../Middlewares/Third_Party/FatFs/src -O0 -ffunction-sections -fdata-sections -Wall -fstack-usage -fcyclomatic-complexity -MMD -MP -MF"Drivers/STM32F4xx_HAL_Driver/Src/stm32f4xx_hal_uart.d" -MT"Drivers/STM32F4xx_HAL_Driver/Src/stm32f4xx_hal_uart.o" --specs=nano.specs -mfpu=fpv4-sp-d16 -mfloat-abi=hard -mthumb -o "Drivers/STM32F4xx_HAL_Driver/Src/stm32f4xx_hal_uart.o"
arm-none-eabi-gcc "../Drivers/STM32F4xx_HAL_Driver/Src/stm32f4xx_ll_sdmmc.c" -mcpu=cortex-m4 -std=gnu11 -g3 -DDEBUG -DUSE_HAL_DRIVER -DSTM32F407xx -c -I../Core/Inc -I../Drivers/STM32F4xx_HAL_Driver/Inc -I../Drivers/STM32F4xx_HAL_Driver/Inc/Legacy -I../Drivers/CMSIS/Device/ST/STM32F4xx/Include -I../Drivers/CMSIS/Include -I"C:/programing/Embedded/projects_stm32/RTOS_workspace/common/ThirdParty/FreeRTOS/include" -I"C:/programing/Embedded/projects_stm32/RTOS_workspace/common/ThirdParty/FreeRTOS/portable/GCC/ARM_CM4F" -I"C:/programing/Embedded/projects_stm32/RTOS_workspace/common/ThirdParty/SEGGER/Config" -I"C:/programing/Embedded/projects_stm32/RTOS_workspace/common/ThirdParty/SEGGER/OS" -I"C:/programing/Embedded/projects_stm32/RTOS_workspace/common/ThirdParty/SEGGER/SEGGER" -I"C:/programing/Embedded/projects_stm32/MeteoStation/MeteoStation/Drivers/bsp" -I../FATFS/Target -I../FATFS/App -I../Middlewares/Third_Party/FatFs/src -O0 -ffunction-sections -fdata-sections -Wall -fstack-usage -fcyclomatic-complexity -MMD -MP -MF"Drivers/STM32F4xx_HAL_Driver/Src/stm32f4xx_ll_sdmmc.d" -MT"Drivers/STM32F4xx_HAL_Driver/Src/stm32f4xx_ll_sdmmc.o" --specs=nano.specs -mfpu=fpv4-sp-d16 -mfloat-abi=hard -mthumb -o "Drivers/STM32F4xx_HAL_Driver/Src/stm32f4xx_ll_sdmmc.o"
arm-none-eabi-gcc -mcpu=cortex-m4 -g3 -DDEBUG -c -I"C:/programing/Embedded/projects_stm32/RTOS_workspace/common/ThirdParty/SEGGER/Config" -I"C:/programing/Embedded/projects_stm32/RTOS_workspace/common/ThirdParty/SEGGER/SEGGER" -x assembler-with-cpp -MMD -MP -MF"Core/Startup/startup_stm32f407vgtx.d" -MT"Core/Startup/startup_stm32f407vgtx.o" --specs=nano.specs -mfpu=fpv4-sp-d16 -mfloat-abi=hard -mthumb -o "Core/Startup/startup_stm32f407vgtx.o" "../Core/Startup/startup_stm32f407vgtx.s"
arm-none-eabi-gcc "../Core/Src/main.c" -mcpu=cortex-m4 -std=gnu11 -g3 -DDEBUG -DUSE_HAL_DRIVER -DSTM32F407xx -c -I../Core/Inc -I../Drivers/STM32F4xx_HAL_Driver/Inc -I../Drivers/STM32F4xx_HAL_Driver/Inc/Legacy -I../Drivers/CMSIS/Device/ST/STM32F4xx/Include -I../Drivers/CMSIS/Include -I"C:/programing/Embedded/projects_stm32/RTOS_workspace/common/ThirdParty/FreeRTOS/include" -I"C:/programing/Embedded/projects_stm32/RTOS_workspace/common/ThirdParty/FreeRTOS/portable/GCC/ARM_CM4F" -I"C:/programing/Embedded/projects_stm32/RTOS_workspace/common/ThirdParty/SEGGER/Config" -I"C:/programing/Embedded/projects_stm32/RTOS_workspace/common/ThirdParty/SEGGER/OS" -I"C:/programing/Embedded/projects_stm32/RTOS_workspace/common/ThirdParty/SEGGER/SEGGER" -I"C:/programing/Embedded/projects_stm32/MeteoStation/MeteoStation/Drivers/bsp" -I../FATFS/Target -I../FATFS/App -I../Middlewares/Third_Party/FatFs/src -O0 -ffunction-sections -fdata-sections -Wall -fstack-usage -fcyclomatic-complexity -MMD -MP -MF"Core/Src/main.d" -MT"Core/Src/main.o" --specs=nano.specs -mfpu=fpv4-sp-d16 -mfloat-abi=hard -mthumb -o "Core/Src/main.o"
arm-none-eabi-gcc "../Core/Src/sd_functions.c" -mcpu=cortex-m4 -std=gnu11 -g3 -DDEBUG -DUSE_HAL_DRIVER -DSTM32F407xx -c -I../Core/Inc -I../Drivers/STM32F4xx_HAL_Driver/Inc -I../Drivers/STM32F4xx_HAL_Driver/Inc/Legacy -I../Drivers/CMSIS/Device/ST/STM32F4xx/Include -I../Drivers/CMSIS/Include -I"C:/programing/Embedded/projects_stm32/RTOS_workspace/common/ThirdParty/FreeRTOS/include" -I"C:/programing/Embedded/projects_stm32/RTOS_workspace/common/ThirdParty/FreeRTOS/portable/GCC/ARM_CM4F" -I"C:/programing/Embedded/projects_stm32/RTOS_workspace/common/ThirdParty/SEGGER/Config" -I"C:/programing/Embedded/projects_stm32/RTOS_workspace/common/ThirdParty/SEGGER/OS" -I"C:/programing/Embedded/projects_stm32/RTOS_workspace/common/ThirdParty/SEGGER/SEGGER" -I"C:/programing/Embedded/projects_stm32/MeteoStation/MeteoStation/Drivers/bsp" -I../FATFS/Target -I../FATFS/App -I../Middlewares/Third_Party/FatFs/src -O0 -ffunction-sections -fdata-sections -Wall -fstack-usage -fcyclomatic-complexity -MMD -MP -MF"Core/Src/sd_functions.d" -MT"Core/Src/sd_functions.o" --specs=nano.specs -mfpu=fpv4-sp-d16 -mfloat-abi=hard -mthumb -o "Core/Src/sd_functions.o"
arm-none-eabi-gcc "../Core/Src/stm32f4xx_hal_msp.c" -mcpu=cortex-m4 -std=gnu11 -g3 -DDEBUG -DUSE_HAL_DRIVER -DSTM32F407xx -c -I../Core/Inc -I../Drivers/STM32F4xx_HAL_Driver/Inc -I../Drivers/STM32F4xx_HAL_Driver/Inc/Legacy -I../Drivers/CMSIS/Device/ST/STM32F4xx/Include -I../Drivers/CMSIS/Include -I"C:/programing/Embedded/projects_stm32/RTOS_workspace/common/ThirdParty/FreeRTOS/include" -I"C:/programing/Embedded/projects_stm32/RTOS_workspace/common/ThirdParty/FreeRTOS/portable/GCC/ARM_CM4F" -I"C:/programing/Embedded/projects_stm32/RTOS_workspace/common/ThirdParty/SEGGER/Config" -I"C:/programing/Embedded/projects_stm32/RTOS_workspace/common/ThirdParty/SEGGER/OS" -I"C:/programing/Embedded/projects_stm32/RTOS_workspace/common/ThirdParty/SEGGER/SEGGER" -I"C:/programing/Embedded/projects_stm32/MeteoStation/MeteoStation/Drivers/bsp" -I../FATFS/Target -I../FATFS/App -I../Middlewares/Third_Party/FatFs/src -O0 -ffunction-sections -fdata-sections -Wall -fstack-usage -fcyclomatic-complexity -MMD -MP -MF"Core/Src/stm32f4xx_hal_msp.d" -MT"Core/Src/stm32f4xx_hal_msp.o" --specs=nano.specs -mfpu=fpv4-sp-d16 -mfloat-abi=hard -mthumb -o "Core/Src/stm32f4xx_hal_msp.o"
arm-none-eabi-gcc "../Core/Src/stm32f4xx_hal_timebase_tim.c" -mcpu=cortex-m4 -std=gnu11 -g3 -DDEBUG -DUSE_HAL_DRIVER -DSTM32F407xx -c -I../Core/Inc -I../Drivers/STM32F4xx_HAL_Driver/Inc -I../Drivers/STM32F4xx_HAL_Driver/Inc/Legacy -I../Drivers/CMSIS/Device/ST/STM32F4xx/Include -I../Drivers/CMSIS/Include -I"C:/programing/Embedded/projects_stm32/RTOS_workspace/common/ThirdParty/FreeRTOS/include" -I"C:/programing/Embedded/projects_stm32/RTOS_workspace/common/ThirdParty/FreeRTOS/portable/GCC/ARM_CM4F" -I"C:/programing/Embedded/projects_stm32/RTOS_workspace/common/ThirdParty/SEGGER/Config" -I"C:/programing/Embedded/projects_stm32/RTOS_workspace/common/ThirdParty/SEGGER/OS" -I"C:/programing/Embedded/projects_stm32/RTOS_workspace/common/ThirdParty/SEGGER/SEGGER" -I"C:/programing/Embedded/projects_stm32/MeteoStation/MeteoStation/Drivers/bsp" -I../FATFS/Target -I../FATFS/App -I../Middlewares/Third_Party/FatFs/src -O0 -ffunction-sections -fdata-sections -Wall -fstack-usage -fcyclomatic-complexity -MMD -MP -MF"Core/Src/stm32f4xx_hal_timebase_tim.d" -MT"Core/Src/stm32f4xx_hal_timebase_tim.o" --specs=nano.specs -mfpu=fpv4-sp-d16 -mfloat-abi=hard -mthumb -o "Core/Src/stm32f4xx_hal_timebase_tim.o"
arm-none-eabi-gcc "../Core/Src/stm32f4xx_it.c" -mcpu=cortex-m4 -std=gnu11 -g3 -DDEBUG -DUSE_HAL_DRIVER -DSTM32F407xx -c -I../Core/Inc -I../Drivers/STM32F4xx_HAL_Driver/Inc -I../Drivers/STM32F4xx_HAL_Driver/Inc/Legacy -I../Drivers/CMSIS/Device/ST/STM32F4xx/Include -I../Drivers/CMSIS/Include -I"C:/programing/Embedded/projects_stm32/RTOS_workspace/common/ThirdParty/FreeRTOS/include" -I"C:/programing/Embedded/projects_stm32/RTOS_workspace/common/ThirdParty/FreeRTOS/portable/GCC/ARM_CM4F" -I"C:/programing/Embedded/projects_stm32/RTOS_workspace/common/ThirdParty/SEGGER/Config" -I"C:/programing/Embedded/projects_stm32/RTOS_workspace/common/ThirdParty/SEGGER/OS" -I"C:/programing/Embedded/projects_stm32/RTOS_workspace/common/ThirdParty/SEGGER/SEGGER" -I"C:/programing/Embedded/projects_stm32/MeteoStation/MeteoStation/Drivers/bsp" -I../FATFS/Target -I../FATFS/App -I../Middlewares/Third_Party/FatFs/src -O0 -ffunction-sections -fdata-sections -Wall -fstack-usage -fcyclomatic-complexity -MMD -MP -MF"Core/Src/stm32f4xx_it.d" -MT"Core/Src/stm32f4xx_it.o" --specs=nano.specs -mfpu=fpv4-sp-d16 -mfloat-abi=hard -mthumb -o "Core/Src/stm32f4xx_it.o"
arm-none-eabi-gcc "../Core/Src/syscalls.c" -mcpu=cortex-m4 -std=gnu11 -g3 -DDEBUG -DUSE_HAL_DRIVER -DSTM32F407xx -c -I../Core/Inc -I../Drivers/STM32F4xx_HAL_Driver/Inc -I../Drivers/STM32F4xx_HAL_Driver/Inc/Legacy -I../Drivers/CMSIS/Device/ST/STM32F4xx/Include -I../Drivers/CMSIS/Include -I"C:/programing/Embedded/projects_stm32/RTOS_workspace/common/ThirdParty/FreeRTOS/include" -I"C:/programing/Embedded/projects_stm32/RTOS_workspace/common/ThirdParty/FreeRTOS/portable/GCC/ARM_CM4F" -I"C:/programing/Embedded/projects_stm32/RTOS_workspace/common/ThirdParty/SEGGER/Config" -I"C:/programing/Embedded/projects_stm32/RTOS_workspace/common/ThirdParty/SEGGER/OS" -I"C:/programing/Embedded/projects_stm32/RTOS_workspace/common/ThirdParty/SEGGER/SEGGER" -I"C:/programing/Embedded/projects_stm32/MeteoStation/MeteoStation/Drivers/bsp" -I../FATFS/Target -I../FATFS/App -I../Middlewares/Third_Party/FatFs/src -O0 -ffunction-sections -fdata-sections -Wall -fstack-usage -fcyclomatic-complexity -MMD -MP -MF"Core/Src/syscalls.d" -MT"Core/Src/syscalls.o" --specs=nano.specs -mfpu=fpv4-sp-d16 -mfloat-abi=hard -mthumb -o "Core/Src/syscalls.o"
[...]
      |                                      ^~~~~~~~~~~~~~~~~~~~~~~~~
      |                                      |
      |                                      char *
In file included from ../Core/Inc/stm32f4xx_hal_conf.h:411,
                 from ../Drivers/STM32F4xx_HAL_Driver/Inc/stm32f4xx_hal.h:29,
                 from ../Core/Inc/main.h:30,
                 from ../Core/Src/main.c:20:
../Drivers/STM32F4xx_HAL_Driver/Inc/stm32f4xx_hal_uart.h:722:79: note: expected 'const uint8_t *' {aka 'const unsigned char *'} but argument is of type 'char *'
  722 | HAL_StatusTypeDef HAL_UART_Transmit(UART_HandleTypeDef *huart, const uint8_t *pData, uint16_t Size, uint32_t Timeout);
      |                                                                ~~~~~~~~~~~~~~~^~~~~
../Core/Src/main.c:165:38: warning: pointer targets in passing argument 2 of 'HAL_UART_Transmit' differ in signedness [-Wpointer-sign]
  165 |           HAL_UART_Transmit(&huart2, "DS1307_initialization is failed\n", 100, portMAX_DELAY);
      |                                      ^~~~~~~~~~~~~~~~~~~~~~~~~~~~~~~~~~~
      |                                      |
      |                                      char *
In file included from ../Core/Inc/stm32f4xx_hal_conf.h:411,
                 from ../Drivers/STM32F4xx_HAL_Driver/Inc/stm32f4xx_hal.h:29,
                 from ../Core/Inc/main.h:30,
                 from ../Core/Src/main.c:20:
../Drivers/STM32F4xx_HAL_Driver/Inc/stm32f4xx_hal_uart.h:722:79: note: expected 'const uint8_t *' {aka 'const unsigned char *'} but argument is of type 'char *'
  722 | HAL_StatusTypeDef HAL_UART_Transmit(UART_HandleTypeDef *huart, const uint8_t *pData, uint16_t Size, uint32_t Timeout);
      |                                                                ~~~~~~~~~~~~~~~^~~~~
../Core/Src/main.c:169:38: warning: pointer targets in passing argument 2 of 'HAL_UART_Transmit' differ in signedness [-Wpointer-sign]
  169 |           HAL_UART_Transmit(&huart2, "DS1307_initialization is OK\n", 100, portMAX_DELAY);
      |                                      ^~~~~~~~~~~~~~~~~~~~~~~~~~~~~~~
      |                                      |
      |                                      char *
In file included from ../Core/Inc/stm32f4xx_hal_conf.h:411,
                 from ../Drivers/STM32F4xx_HAL_Driver/Inc/stm32f4xx_hal.h:29,
                 from ../Core/Inc/main.h:30,
                 from ../Core/Src/main.c:20:
../Drivers/STM32F4xx_HAL_Driver/Inc/stm32f4xx_hal_uart.h:722:79: note: expected 'const uint8_t *' {aka 'const unsigned char *'} but argument is of type 'char *'
  722 | HAL_StatusTypeDef HAL_UART_Transmit(UART_HandleTypeDef *huart, const uint8_t *pData, uint16_t Size, uint32_t Timeout);
      |                                                                ~~~~~~~~~~~~~~~^~~~~
../Core/Src/main.c:190:38: warning: pointer targets in passing argument 2 of 'HAL_UART_Transmit' differ in signedness [-Wpointer-sign]
  190 |           HAL_UART_Transmit(&huart2, "DS1307_set_date is failed\n", 100, portMAX_DELAY);
      |                                      ^~~~~~~~~~~~~~~~~~~~~~~~~~~~~
      |                                      |
      |                                      char *
In file included from ../Core/Inc/stm32f4xx_hal_conf.h:411,
                 from ../Drivers/STM32F4xx_HAL_Driver/Inc/stm32f4xx_hal.h:29,
                 from ../Core/Inc/main.h:30,
                 from ../Core/Src/main.c:20:
../Drivers/STM32F4xx_HAL_Driver/Inc/stm32f4xx_hal_uart.h:722:79: note: expected 'const uint8_t *' {aka 'const unsigned char *'} but argument is of type 'char *'
  722 | HAL_StatusTypeDef HAL_UART_Transmit(UART_HandleTypeDef *huart, const uint8_t *pData, uint16_t Size, uint32_t Timeout);
      |                                                                ~~~~~~~~~~~~~~~^~~~~
../Core/Src/main.c:194:38: warning: pointer targets in passing argument 2 of 'HAL_UART_Transmit' differ in signedness [-Wpointer-sign]
  194 |           HAL_UART_Transmit(&huart2, "DS1307_set_date is OK\n", 100, portMAX_DELAY);
      |                                      ^~~~~~~~~~~~~~~~~~~~~~~~~
      |                                      |
      |                                      char *
In file included from ../Core/Inc/stm32f4xx_hal_conf.h:411,
                 from ../Drivers/STM32F4xx_HAL_Driver/Inc/stm32f4xx_hal.h:29,
                 from ../Core/Inc/main.h:30,
                 from ../Core/Src/main.c:20:
../Drivers/STM32F4xx_HAL_Driver/Inc/stm32f4xx_hal_uart.h:722:79: note: expected 'const uint8_t *' {aka 'const unsigned char *'} but argument is of type 'char *'
  722 | HAL_StatusTypeDef HAL_UART_Transmit(UART_HandleTypeDef *huart, const uint8_t *pData, uint16_t Size, uint32_t Timeout);
      |                                                                ~~~~~~~~~~~~~~~^~~~~
../Core/Src/main.c:199:38: warning: pointer targets in passing argument 2 of 'HAL_UART_Transmit' differ in signedness [-Wpointer-sign]
  199 |           HAL_UART_Transmit(&huart2, "DS1307_set_time is failed\n", 100, portMAX_DELAY);
      |                                      ^~~~~~~~~~~~~~~~~~~~~~~~~~~~~
      |                                      |
      |                                      char *
In file included from ../Core/Inc/stm32f4xx_hal_conf.h:411,
                 from ../Drivers/STM32F4xx_HAL_Driver/Inc/stm32f4xx_hal.h:29,
                 from ../Core/Inc/main.h:30,
                 from ../Core/Src/main.c:20:
../Drivers/STM32F4xx_HAL_Driver/Inc/stm32f4xx_hal_uart.h:722:79: note: expected 'const uint8_t *' {aka 'const unsigned char *'} but argument is of type 'char *'
  722 | HAL_StatusTypeDef HAL_UART_Transmit(UART_HandleTypeDef *huart, const uint8_t *pData, uint16_t Size, uint32_t Timeout);
      |                                                                ~~~~~~~~~~~~~~~^~~~~
../Core/Src/main.c:203:38: warning: pointer targets in passing argument 2 of 'HAL_UART_Transmit' differ in signedness [-Wpointer-sign]
  203 |           HAL_UART_Transmit(&huart2, "DS1307_set_time is OK\n", 100, portMAX_DELAY);
      |                                      ^~~~~~~~~~~~~~~~~~~~~~~~~
      |                                      |
      |                                      char *
In file included from ../Core/Inc/stm32f4xx_hal_conf.h:411,
                 from ../Drivers/STM32F4xx_HAL_Driver/Inc/stm32f4xx_hal.h:29,
                 from ../Core/Inc/main.h:30,
                 from ../Core/Src/main.c:20:
../Drivers/STM32F4xx_HAL_Driver/Inc/stm32f4xx_hal_uart.h:722:79: note: expected 'const uint8_t *' {aka 'const unsigned char *'} but argument is of type 'char *'
  722 | HAL_StatusTypeDef HAL_UART_Transmit(UART_HandleTypeDef *huart, const uint8_t *pData, uint16_t Size, uint32_t Timeout);
      |                                                                ~~~~~~~~~~~~~~~^~~~~
arm-none-eabi-gcc -o "MeteoStation.elf" @"objects.list"   -mcpu=cortex-m4 -T"C:\programing\Embedded\projects_stm32\MeteoStation\MeteoStation\STM32F407VGTX_FLASH.ld" --specs=nosys.specs -Wl,-Map="MeteoStation.map" -Wl,--gc-sections -static -u _printf_float --specs=nano.specs -mfpu=fpv4-sp-d16 -mfloat-abi=hard -mthumb -Wl,--start-group -lc -lm -Wl,--end-group
Finished building target: MeteoStation.elf
 
arm-none-eabi-size   MeteoStation.elf 
arm-none-eabi-objdump -h -S  MeteoStation.elf  > "MeteoStation.list"
   text	   data	    bss	    dec	    hex	filename
  87232	    484	 124176	 211892	  33bb4	MeteoStation.elf
Finished building: default.size.stdout
 
Finished building: MeteoStation.list
 
17:35:47 **** Incremental Build of configuration Debug for project MeteoStation ****
make -j16 all 
arm-none-eabi-size   MeteoStation.elf 
   text	   data	    bss	    dec	    hex	filename
  87232	    484	 124176	 211892	  33bb4	MeteoStation.elf
Finished building: default.size.stdout
 
18:30:37 **** Incremental Build of configuration Debug for project MeteoStation ****
make -j16 all 
arm-none-eabi-gcc "../Core/Src/main.c" -mcpu=cortex-m4 -std=gnu11 -g3 -DDEBUG -DUSE_HAL_DRIVER -DSTM32F407xx -c -I../Core/Inc -I../Drivers/STM32F4xx_HAL_Driver/Inc -I../Drivers/STM32F4xx_HAL_Driver/Inc/Legacy -I../Drivers/CMSIS/Device/ST/STM32F4xx/Include -I../Drivers/CMSIS/Include -I"C:/programing/Embedded/projects_stm32/RTOS_workspace/common/ThirdParty/FreeRTOS/include" -I"C:/programing/Embedded/projects_stm32/RTOS_workspace/common/ThirdParty/FreeRTOS/portable/GCC/ARM_CM4F" -I"C:/programing/Embedded/projects_stm32/RTOS_workspace/common/ThirdParty/SEGGER/Config" -I"C:/programing/Embedded/projects_stm32/RTOS_workspace/common/ThirdParty/SEGGER/OS" -I"C:/programing/Embedded/projects_stm32/RTOS_workspace/common/ThirdParty/SEGGER/SEGGER" -I"C:/programing/Embedded/projects_stm32/MeteoStation/MeteoStation/Drivers/bsp" -I../FATFS/Target -I../FATFS/App -I../Middlewares/Third_Party/FatFs/src -O0 -ffunction-sections -fdata-sections -Wall -fstack-usage -fcyclomatic-complexity -MMD -MP -MF"Core/Src/main.d" -MT"Core/Src/main.o" --specs=nano.specs -mfpu=fpv4-sp-d16 -mfloat-abi=hard -mthumb -o "Core/Src/main.o"
../Core/Src/main.c: In function 'main':
../Core/Src/main.c:146:38: warning: pointer targets in passing argument 2 of 'HAL_UART_Transmit' differ in signedness [-Wpointer-sign]
  146 |           HAL_UART_Transmit(&huart2, "BME280_initialization is failed\n", 100, portMAX_DELAY);
      |                                      ^~~~~~~~~~~~~~~~~~~~~~~~~~~~~~~~~~~
      |                                      |
      |                                      char *
In file included from ../Core/Inc/stm32f4xx_hal_conf.h:411,
                 from ../Drivers/STM32F4xx_HAL_Driver/Inc/stm32f4xx_hal.h:29,
                 from ../Core/Inc/main.h:30,
                 from ../Core/Src/main.c:20:
../Drivers/STM32F4xx_HAL_Driver/Inc/stm32f4xx_hal_uart.h:722:79: note: expected 'const uint8_t *' {aka 'const unsigned char *'} but argument is of type 'char *'
  722 | HAL_StatusTypeDef HAL_UART_Transmit(UART_HandleTypeDef *huart, const uint8_t *pData, uint16_t Size, uint32_t Timeout);
      |                                                                ~~~~~~~~~~~~~~~^~~~~
../Core/Src/main.c:150:38: warning: pointer targets in passing argument 2 of 'HAL_UART_Transmit' differ in signedness [-Wpointer-sign]
  150 |           HAL_UART_Transmit(&huart2, "BME280_initialization is OK\n", 100, portMAX_DELAY);
      |                                      ^~~~~~~~~~~~~~~~~~~~~~~~~~~~~~~
      |                                      |
      |                                      char *
In file included from ../Core/Inc/stm32f4xx_hal_conf.h:411,
                 from ../Drivers/STM32F4xx_HAL_Driver/Inc/stm32f4xx_hal.h:29,
                 from ../Core/Inc/main.h:30,
                 from ../Core/Src/main.c:20:
../Drivers/STM32F4xx_HAL_Driver/Inc/stm32f4xx_hal_uart.h:722:79: note: expected 'const uint8_t *' {aka 'const unsigned char *'} but argument is of type 'char *'
  722 | HAL_StatusTypeDef HAL_UART_Transmit(UART_HandleTypeDef *huart, const uint8_t *pData, uint16_t Size, uint32_t Timeout);
      |                                                                ~~~~~~~~~~~~~~~^~~~~
../Core/Src/main.c:156:38: warning: pointer targets in passing argument 2 of 'HAL_UART_Transmit' differ in signedness [-Wpointer-sign]
  156 |           HAL_UART_Transmit(&huart2, "BME280_get_data is failed\n", 100, portMAX_DELAY);
      |                                      ^~~~~~~~~~~~~~~~~~~~~~~~~~~~~
      |                                      |
      |                                      char *
In file included from ../Core/Inc/stm32f4xx_hal_conf.h:411,
                 from ../Drivers/STM32F4xx_HAL_Driver/Inc/stm32f4xx_hal.h:29,
                 from ../Core/Inc/main.h:30,
                 from ../Core/Src/main.c:20:
../Drivers/STM32F4xx_HAL_Driver/Inc/stm32f4xx_hal_uart.h:722:79: note: expected 'const uint8_t *' {aka 'const unsigned char *'} but argument is of type 'char *'
  722 | HAL_StatusTypeDef HAL_UART_Transmit(UART_HandleTypeDef *huart, const uint8_t *pData, uint16_t Size, uint32_t Timeout);
      |                                                                ~~~~~~~~~~~~~~~^~~~~
../Core/Src/main.c:160:38: warning: pointer targets in passing argument 2 of 'HAL_UART_Transmit' differ in signedness [-Wpointer-sign]
  160 |           HAL_UART_Transmit(&huart2, "BME280_get_data is OK\n", 100, portMAX_DELAY);
      |                                      ^~~~~~~~~~~~~~~~~~~~~~~~~
      |                                      |
      |                                      char *
In file included from ../Core/Inc/stm32f4xx_hal_conf.h:411,
                 from ../Drivers/STM32F4xx_HAL_Driver/Inc/stm32f4xx_hal.h:29,
                 from ../Core/Inc/main.h:30,
                 from ../Core/Src/main.c:20:
../Drivers/STM32F4xx_HAL_Driver/Inc/stm32f4xx_hal_uart.h:722:79: note: expected 'const uint8_t *' {aka 'const unsigned char *'} but argument is of type 'char *'
  722 | HAL_StatusTypeDef HAL_UART_Transmit(UART_HandleTypeDef *huart, const uint8_t *pData, uint16_t Size, uint32_t Timeout);
      |                                                                ~~~~~~~~~~~~~~~^~~~~
../Core/Src/main.c:165:38: warning: pointer targets in passing argument 2 of 'HAL_UART_Transmit' differ in signedness [-Wpointer-sign]
  165 |           HAL_UART_Transmit(&huart2, "DS1307_initialization is failed\n", 100, portMAX_DELAY);
      |                                      ^~~~~~~~~~~~~~~~~~~~~~~~~~~~~~~~~~~
      |                                      |
      |                                      char *
In file included from ../Core/Inc/stm32f4xx_hal_conf.h:411,
                 from ../Drivers/STM32F4xx_HAL_Driver/Inc/stm32f4xx_hal.h:29,
                 from ../Core/Inc/main.h:30,
                 from ../Core/Src/main.c:20:
../Drivers/STM32F4xx_HAL_Driver/Inc/stm32f4xx_hal_uart.h:722:79: note: expected 'const uint8_t *' {aka 'const unsigned char *'} but argument is of type 'char *'
  722 | HAL_StatusTypeDef HAL_UART_Transmit(UART_HandleTypeDef *huart, const uint8_t *pData, uint16_t Size, uint32_t Timeout);
      |                                                                ~~~~~~~~~~~~~~~^~~~~
../Core/Src/main.c:169:38: warning: pointer targets in passing argument 2 of 'HAL_UART_Transmit' differ in signedness [-Wpointer-sign]
  169 |           HAL_UART_Transmit(&huart2, "DS1307_initialization is OK\n", 100, portMAX_DELAY);
      |                                      ^~~~~~~~~~~~~~~~~~~~~~~~~~~~~~~
      |                                      |
      |                                      char *
In file included from ../Core/Inc/stm32f4xx_hal_conf.h:411,
                 from ../Drivers/STM32F4xx_HAL_Driver/Inc/stm32f4xx_hal.h:29,
                 from ../Core/Inc/main.h:30,
                 from ../Core/Src/main.c:20:
../Drivers/STM32F4xx_HAL_Driver/Inc/stm32f4xx_hal_uart.h:722:79: note: expected 'const uint8_t *' {aka 'const unsigned char *'} but argument is of type 'char *'
  722 | HAL_StatusTypeDef HAL_UART_Transmit(UART_HandleTypeDef *huart, const uint8_t *pData, uint16_t Size, uint32_t Timeout);
      |                                                                ~~~~~~~~~~~~~~~^~~~~
../Core/Src/main.c:190:38: warning: pointer targets in passing argument 2 of 'HAL_UART_Transmit' differ in signedness [-Wpointer-sign]
  190 |           HAL_UART_Transmit(&huart2, "DS1307_set_date is failed\n", 100, portMAX_DELAY);
      |                                      ^~~~~~~~~~~~~~~~~~~~~~~~~~~~~
      |                                      |
      |                                      char *
In file included from ../Core/Inc/stm32f4xx_hal_conf.h:411,
                 from ../Drivers/STM32F4xx_HAL_Driver/Inc/stm32f4xx_hal.h:29,
                 from ../Core/Inc/main.h:30,
                 from ../Core/Src/main.c:20:
../Drivers/STM32F4xx_HAL_Driver/Inc/stm32f4xx_hal_uart.h:722:79: note: expected 'const uint8_t *' {aka 'const unsigned char *'} but argument is of type 'char *'
  722 | HAL_StatusTypeDef HAL_UART_Transmit(UART_HandleTypeDef *huart, const uint8_t *pData, uint16_t Size, uint32_t Timeout);
      |                                                                ~~~~~~~~~~~~~~~^~~~~
../Core/Src/main.c:194:38: warning: pointer targets in passing argument 2 of 'HAL_UART_Transmit' differ in signedness [-Wpointer-sign]
  194 |           HAL_UART_Transmit(&huart2, "DS1307_set_date is OK\n", 100, portMAX_DELAY);
      |                                      ^~~~~~~~~~~~~~~~~~~~~~~~~
      |                                      |
      |                                      char *
In file included from ../Core/Inc/stm32f4xx_hal_conf.h:411,
                 from ../Drivers/STM32F4xx_HAL_Driver/Inc/stm32f4xx_hal.h:29,
                 from ../Core/Inc/main.h:30,
                 from ../Core/Src/main.c:20:
../Drivers/STM32F4xx_HAL_Driver/Inc/stm32f4xx_hal_uart.h:722:79: note: expected 'const uint8_t *' {aka 'const unsigned char *'} but argument is of type 'char *'
  722 | HAL_StatusTypeDef HAL_UART_Transmit(UART_HandleTypeDef *huart, const uint8_t *pData, uint16_t Size, uint32_t Timeout);
      |                                                                ~~~~~~~~~~~~~~~^~~~~
../Core/Src/main.c:199:38: warning: pointer targets in passing argument 2 of 'HAL_UART_Transmit' differ in signedness [-Wpointer-sign]
  199 |           HAL_UART_Transmit(&huart2, "DS1307_set_time is failed\n", 100, portMAX_DELAY);
      |                                      ^~~~~~~~~~~~~~~~~~~~~~~~~~~~~
      |                                      |
      |                                      char *
In file included from ../Core/Inc/stm32f4xx_hal_conf.h:411,
                 from ../Drivers/STM32F4xx_HAL_Driver/Inc/stm32f4xx_hal.h:29,
                 from ../Core/Inc/main.h:30,
                 from ../Core/Src/main.c:20:
../Drivers/STM32F4xx_HAL_Driver/Inc/stm32f4xx_hal_uart.h:722:79: note: expected 'const uint8_t *' {aka 'const unsigned char *'} but argument is of type 'char *'
  722 | HAL_StatusTypeDef HAL_UART_Transmit(UART_HandleTypeDef *huart, const uint8_t *pData, uint16_t Size, uint32_t Timeout);
      |                                                                ~~~~~~~~~~~~~~~^~~~~
../Core/Src/main.c:203:38: warning: pointer targets in passing argument 2 of 'HAL_UART_Transmit' differ in signedness [-Wpointer-sign]
  203 |           HAL_UART_Transmit(&huart2, "DS1307_set_time is OK\n", 100, portMAX_DELAY);
      |                                      ^~~~~~~~~~~~~~~~~~~~~~~~~
      |                                      |
      |                                      char *
In file included from ../Core/Inc/stm32f4xx_hal_conf.h:411,
                 from ../Drivers/STM32F4xx_HAL_Driver/Inc/stm32f4xx_hal.h:29,
                 from ../Core/Inc/main.h:30,
                 from ../Core/Src/main.c:20:
../Drivers/STM32F4xx_HAL_Driver/Inc/stm32f4xx_hal_uart.h:722:79: note: expected 'const uint8_t *' {aka 'const unsigned char *'} but argument is of type 'char *'
  722 | HAL_StatusTypeDef HAL_UART_Transmit(UART_HandleTypeDef *huart, const uint8_t *pData, uint16_t Size, uint32_t Timeout);
      |                                                                ~~~~~~~~~~~~~~~^~~~~
arm-none-eabi-gcc -o "MeteoStation.elf" @"objects.list"   -mcpu=cortex-m4 -T"C:\programing\Embedded\projects_stm32\MeteoStation\MeteoStation\STM32F407VGTX_FLASH.ld" --specs=nosys.specs -Wl,-Map="MeteoStation.map" -Wl,--gc-sections -static -u _printf_float --specs=nano.specs -mfpu=fpv4-sp-d16 -mfloat-abi=hard -mthumb -Wl,--start-group -lc -lm -Wl,--end-group
Finished building target: MeteoStation.elf
 
arm-none-eabi-size   MeteoStation.elf 
arm-none-eabi-objdump -h -S  MeteoStation.elf  > "MeteoStation.list"
   text	   data	    bss	    dec	    hex	filename
  87232	    484	 124176	 211892	  33bb4	MeteoStation.elf
Finished building: default.size.stdout
 
Finished building: MeteoStation.list
 
