14:54:46 **** Incremental Build of configuration Debug for project MeteoStation ****
make -j16 all 
arm-none-eabi-gcc "../Core/Src/task_handler.c" -mcpu=cortex-m4 -std=gnu11 -g3 -DDEBUG -DUSE_HAL_DRIVER -DSTM32F407xx -c -I../Core/Inc -I../Drivers/STM32F4xx_HAL_Driver/Inc -I../Drivers/STM32F4xx_HAL_Driver/Inc/Legacy -I../Drivers/CMSIS/Device/ST/STM32F4xx/Include -I../Drivers/CMSIS/Include -I"C:/programing/Embedded/projects_stm32/RTOS_workspace/common/ThirdParty/FreeRTOS/include" -I"C:/programing/Embedded/projects_stm32/RTOS_workspace/common/ThirdParty/FreeRTOS/portable/GCC/ARM_CM4F" -I"C:/programing/Embedded/projects_stm32/RTOS_workspace/common/ThirdParty/SEGGER/Config" -I"C:/programing/Embedded/projects_stm32/RTOS_workspace/common/ThirdParty/SEGGER/OS" -I"C:/programing/Embedded/projects_stm32/RTOS_workspace/common/ThirdParty/SEGGER/SEGGER" -I"C:/programing/Embedded/projects_stm32/MeteoStation/MeteoStation/Drivers/bsp" -I../FATFS/Target -I../FATFS/App -I../Middlewares/Third_Party/FatFs/src -O0 -ffunction-sections -fdata-sections -Wall -fstack-usage -fcyclomatic-complexity -MMD -MP -MF"Core/Src/task_handler.d" -MT"Core/Src/task_handler.o" --specs=nano.specs -mfpu=fpv4-sp-d16 -mfloat-abi=hard -mthumb -o "Core/Src/task_handler.o"
../Core/Src/task_handler.c: In function 'esp32':
../Core/Src/task_handler.c:130:21: warning: unused variable 'rx_dummy_buf' [-Wunused-variable]
  130 |         static char rx_dummy_buf[sizeof(measurement_t)];
      |                     ^~~~~~~~~~~~
At top level:
../Core/Src/task_handler.c:130:21: warning: 'rx_dummy_buf' defined but not used [-Wunused-variable]
arm-none-eabi-gcc -o "MeteoStation.elf" @"objects.list"   -mcpu=cortex-m4 -T"C:\programing\Embedded\projects_stm32\MeteoStation\MeteoStation\STM32F407VGTX_FLASH.ld" --specs=nosys.specs -Wl,-Map="MeteoStation.map" -Wl,--gc-sections -static -u _printf_float --specs=nano.specs -mfpu=fpv4-sp-d16 -mfloat-abi=hard -mthumb -Wl,--start-group -lc -lm -Wl,--end-group
Finished building target: MeteoStation.elf
 
arm-none-eabi-size   MeteoStation.elf 
arm-none-eabi-objdump -h -S  MeteoStation.elf  > "MeteoStation.list"
   text	   data	    bss	    dec	    hex	filename
  89056	    484	 124184	 213724	  342dc	MeteoStation.elf
Finished building: default.size.stdout
 
Finished building: MeteoStation.list
 

14:54:49 Build Finished. 0 errors, 2 warnings. (took 2s.962ms)

